<html>
<body>
<pre>
<h1>µVision Build Log</h1>
<h2>Tool Versions:</h2>
IDE-Version: µVision V5.38.0.0
Copyright (C) 2022 ARM Ltd and ARM Germany GmbH. All rights reserved.
License Information: Ankit id4anki, HP Inc., LIC=----
 
Tool Versions:
Toolchain:       MDK-Lite  Version: 5.38.0.0
Toolchain Path:  C:\Keil_v5\ARM\ARMCLANG\Bin
C Compiler:      ArmClang.exe V6.19
Assembler:       Armasm.exe V6.19
Linker/Locator:  ArmLink.exe V6.19
Library Manager: ArmAr.exe V6.19
Hex Converter:   FromElf.exe V6.19
CPU DLL:         SARMCM3.DLL V5.38.0.0
Dialog DLL:      DCM.DLL V1.17.5.0
Target DLL:      STLink\ST-LINKIII-KEIL_SWO.dll V3.1.0.0
Dialog DLL:      TCM.DLL V1.56.4.0
 
<h2>Project:</h2>
C:\Users\id4an\OneDrive\Desktop\led\test.uvprojx
Project File Date:  11/29/2024

<h2>Output:</h2>
*** Using Compiler 'V6.19', folder: 'C:\Keil_v5\ARM\ARMCLANG\Bin'
Build target 'Target 1'
compiling mutex.c...
gpio.c(122): warning: unused parameter 'white' [-Wunused-parameter]
void set_traffic_light(uint8_t red, uint8_t green, uint8_t yellow, uint8_t white) {
                                                                           ^
1 warning generated.
compiling gpio.c...
main.c(37): warning: In file included from...
./scheduler.h(6): warning: padding size of 'Task' with 2 bytes to alignment boundary [-Wpadded]
typedef struct {
        ^
./scheduler.h(21): warning: no newline at end of file [-Wnewline-eof]
#endif
      ^
main.c(43): warning: no previous prototype for function 'SystemClock_Config' [-Wmissing-prototypes]
void SystemClock_Config(void) {
     ^
main.c(43): note: declare 'static' if the function is not intended to be used outside of this translation unit
void SystemClock_Config(void) {
^
static 
main.c(60): warning: implicit conversion changes signedness: 'int' to 'uint32_t' (aka 'unsigned int') [-Wsign-conversion]
    ITM_SendChar(ch);
    ~~~~~~~~~~~~ ^~
main.c(58): warning: unused parameter 'f' [-Wunused-parameter]
int fputc(int ch, FILE *f) {
                        ^
5 warnings generated.
compiling main.c...
scheduler.c(6): warning: padding size of 'Task' with 2 bytes to alignment boundary [-Wpadded]
typedef struct {
        ^
scheduler.c(17): warning: no previous prototype for function 'sortTasksByPriority' [-Wmissing-prototypes]
void sortTasksByPriority(void) {
     ^
scheduler.c(17): note: declare 'static' if the function is not intended to be used outside of this translation unit
void sortTasksByPriority(void) {
^
static 
scheduler.c(30): warning: no previous prototype for function 'addTask' [-Wmissing-prototypes]
void addTask(void (*taskFunction)(void), uint8_t priority) {
     ^
scheduler.c(30): note: declare 'static' if the function is not intended to be used outside of this translation unit
void addTask(void (*taskFunction)(void), uint8_t priority) {
^
static 
scheduler.c(42): warning: no previous prototype for function 'Scheduler' [-Wmissing-prototypes]
void Scheduler(void) {
     ^
scheduler.c(42): note: declare 'static' if the function is not intended to be used outside of this translation unit
void Scheduler(void) {
^
static 
scheduler.c(70): warning: no previous prototype for function 'EXTI4_IRQHandler' [-Wmissing-prototypes]
void EXTI4_IRQHandler(void)
     ^
scheduler.c(70): note: declare 'static' if the function is not intended to be used outside of this translation unit
void EXTI4_IRQHandler(void)
^
static 
5 warnings generated.
compiling scheduler.c...
tasks.c(8): warning: no previous prototype for function 'closeAllLED' [-Wmissing-prototypes]
void closeAllLED(void){
     ^
tasks.c(8): note: declare 'static' if the function is not intended to be used outside of this translation unit
void closeAllLED(void){
^
static 
1 warning generated.
compiling tasks.c...
linking...
Program Size: Code=10804 RO-data=1000 RW-data=16 ZI-data=1976  
".\Objects\test.axf" - 0 Error(s), 12 Warning(s).

<h2>Software Packages used:</h2>

Package Vendor: ARM
                https://www.keil.com/pack/ARM.CMSIS.6.1.0.pack
                ARM.CMSIS.6.1.0
                CMSIS (Common Microcontroller Software Interface Standard)
   * Component: CORE Version: 6.1.0

Package Vendor: Keil
                https://www.keil.com/pack/Keil.STM32L4xx_DFP.3.0.0.pack
                Keil.STM32L4xx_DFP.3.0.0
                STMicroelectronics STM32L4 Series Device Support
   * Component: CubeMX Version: 1.0.0

<h2>Collection of Component include folders:</h2>
  ./RTE/_Target_1
  C:/Users/id4an/AppData/Local/Arm/Packs/ARM/CMSIS/6.1.0/CMSIS/Core/Include

<h2>Collection of Component Files used:</h2>

   * Component: ARM::CMSIS:CORE:6.1.0

   * Component: Keil::Device:CubeMX:1.0.0
Build Time Elapsed:  00:00:01
</pre>
</body>
</html>
