Component: Arm Compiler for Embedded 6.19 Tool: armlink [5e73cb00]

==============================================================================

Section Cross References

    main.o(.text.SystemClock_Config) refers to system_stm32l4xx.o(.data.SystemCoreClock) for SystemCoreClock
    main.o(.ARM.exidx.text.SystemClock_Config) refers to main.o(.text.SystemClock_Config) for [Anonymous Symbol]
    main.o(.text.fputc) refers to main.o(.text.ITM_SendChar) for ITM_SendChar
    main.o(.ARM.exidx.text.fputc) refers to main.o(.text.fputc) for [Anonymous Symbol]
    main.o(.ARM.exidx.text.ITM_SendChar) refers to main.o(.text.ITM_SendChar) for [Anonymous Symbol]
    main.o(.text.main) refers to main.o(.text.SystemClock_Config) for SystemClock_Config
    main.o(.text.main) refers to gpio.o(.text.GPIO_Init) for GPIO_Init
    main.o(.text.main) refers to gpio.o(.text.EXTI_Init) for EXTI_Init
    main.o(.text.main) refers to tasks.o(.text.EmergencyVehicleTask) for EmergencyVehicleTask
    main.o(.text.main) refers to scheduler.o(.text.addTask) for addTask
    main.o(.text.main) refers to tasks.o(.text.TrafficFlowControlTask) for TrafficFlowControlTask
    main.o(.text.main) refers to scheduler.o(.text.Scheduler) for Scheduler
    main.o(.ARM.exidx.text.main) refers to main.o(.text.main) for [Anonymous Symbol]
    main.o(.ARM.exidx.text.delay_ms) refers to main.o(.text.delay_ms) for [Anonymous Symbol]
    startup_stm32l475xx.o(STACK) refers (Special) to heapauxi.o(.text) for __use_two_region_memory
    startup_stm32l475xx.o(HEAP) refers (Special) to heapauxi.o(.text) for __use_two_region_memory
    startup_stm32l475xx.o(RESET) refers (Special) to heapauxi.o(.text) for __use_two_region_memory
    startup_stm32l475xx.o(RESET) refers to startup_stm32l475xx.o(STACK) for __initial_sp
    startup_stm32l475xx.o(RESET) refers to startup_stm32l475xx.o(.text) for Reset_Handler
    startup_stm32l475xx.o(RESET) refers to scheduler.o(.text.EXTI4_IRQHandler) for EXTI4_IRQHandler
    startup_stm32l475xx.o(.text) refers (Special) to heapauxi.o(.text) for __use_two_region_memory
    startup_stm32l475xx.o(.text) refers to system_stm32l4xx.o(.text.SystemInit) for SystemInit
    startup_stm32l475xx.o(.text) refers to __main.o(!!!main) for __main
    startup_stm32l475xx.o(.text) refers to startup_stm32l475xx.o(HEAP) for Heap_Mem
    startup_stm32l475xx.o(.text) refers to startup_stm32l475xx.o(STACK) for Stack_Mem
    system_stm32l4xx.o(.ARM.exidx.text.SystemInit) refers to system_stm32l4xx.o(.text.SystemInit) for [Anonymous Symbol]
    system_stm32l4xx.o(.text.SystemCoreClockUpdate) refers to system_stm32l4xx.o(.rodata.MSIRangeTable) for MSIRangeTable
    system_stm32l4xx.o(.text.SystemCoreClockUpdate) refers to system_stm32l4xx.o(.data.SystemCoreClock) for SystemCoreClock
    system_stm32l4xx.o(.text.SystemCoreClockUpdate) refers to system_stm32l4xx.o(.rodata.AHBPrescTable) for AHBPrescTable
    system_stm32l4xx.o(.ARM.exidx.text.SystemCoreClockUpdate) refers to system_stm32l4xx.o(.text.SystemCoreClockUpdate) for [Anonymous Symbol]
    stm32l4xx_hal_gpio.o(.ARM.exidx.text.HAL_GPIO_Init) refers to stm32l4xx_hal_gpio.o(.text.HAL_GPIO_Init) for [Anonymous Symbol]
    stm32l4xx_hal_gpio.o(.ARM.exidx.text.HAL_GPIO_DeInit) refers to stm32l4xx_hal_gpio.o(.text.HAL_GPIO_DeInit) for [Anonymous Symbol]
    stm32l4xx_hal_gpio.o(.ARM.exidx.text.HAL_GPIO_ReadPin) refers to stm32l4xx_hal_gpio.o(.text.HAL_GPIO_ReadPin) for [Anonymous Symbol]
    stm32l4xx_hal_gpio.o(.ARM.exidx.text.HAL_GPIO_WritePin) refers to stm32l4xx_hal_gpio.o(.text.HAL_GPIO_WritePin) for [Anonymous Symbol]
    stm32l4xx_hal_gpio.o(.ARM.exidx.text.HAL_GPIO_TogglePin) refers to stm32l4xx_hal_gpio.o(.text.HAL_GPIO_TogglePin) for [Anonymous Symbol]
    stm32l4xx_hal_gpio.o(.ARM.exidx.text.HAL_GPIO_LockPin) refers to stm32l4xx_hal_gpio.o(.text.HAL_GPIO_LockPin) for [Anonymous Symbol]
    stm32l4xx_hal_gpio.o(.text.HAL_GPIO_EXTI_IRQHandler) refers to stm32l4xx_hal_gpio.o(.text.HAL_GPIO_EXTI_Callback) for HAL_GPIO_EXTI_Callback
    stm32l4xx_hal_gpio.o(.ARM.exidx.text.HAL_GPIO_EXTI_IRQHandler) refers to stm32l4xx_hal_gpio.o(.text.HAL_GPIO_EXTI_IRQHandler) for [Anonymous Symbol]
    stm32l4xx_hal_gpio.o(.ARM.exidx.text.HAL_GPIO_EXTI_Callback) refers to stm32l4xx_hal_gpio.o(.text.HAL_GPIO_EXTI_Callback) for [Anonymous Symbol]
    stm32l4xx_hal.o(.text.HAL_Init) refers to stm32l4xx_hal_cortex.o(.text.HAL_NVIC_SetPriorityGrouping) for HAL_NVIC_SetPriorityGrouping
    stm32l4xx_hal.o(.text.HAL_Init) refers to stm32l4xx_hal.o(.text.HAL_InitTick) for HAL_InitTick
    stm32l4xx_hal.o(.text.HAL_Init) refers to stm32l4xx_hal.o(.text.HAL_MspInit) for HAL_MspInit
    stm32l4xx_hal.o(.ARM.exidx.text.HAL_Init) refers to stm32l4xx_hal.o(.text.HAL_Init) for [Anonymous Symbol]
    stm32l4xx_hal.o(.text.HAL_InitTick) refers to stm32l4xx_hal.o(.data.uwTickFreq) for uwTickFreq
[...]
    .ARM.Collect$$libinit$$00000014          0x080002a0   Section       12  libinit2.o(.ARM.Collect$$libinit$$00000014)
    .ARM.Collect$$libinit$$00000015          0x080002ac   Section        0  libinit2.o(.ARM.Collect$$libinit$$00000015)
    .ARM.Collect$$libinit$$00000017          0x080002ac   Section        0  libinit2.o(.ARM.Collect$$libinit$$00000017)
    .ARM.Collect$$libinit$$00000018          0x080002ac   Section       10  libinit2.o(.ARM.Collect$$libinit$$00000018)
    .ARM.Collect$$libinit$$00000019          0x080002b6   Section        0  libinit2.o(.ARM.Collect$$libinit$$00000019)
    .ARM.Collect$$libinit$$0000001B          0x080002b6   Section        0  libinit2.o(.ARM.Collect$$libinit$$0000001B)
    .ARM.Collect$$libinit$$0000001D          0x080002b6   Section        0  libinit2.o(.ARM.Collect$$libinit$$0000001D)
    .ARM.Collect$$libinit$$0000001F          0x080002b6   Section        0  libinit2.o(.ARM.Collect$$libinit$$0000001F)
    .ARM.Collect$$libinit$$00000021          0x080002b6   Section        0  libinit2.o(.ARM.Collect$$libinit$$00000021)
    .ARM.Collect$$libinit$$00000023          0x080002b6   Section        0  libinit2.o(.ARM.Collect$$libinit$$00000023)
    .ARM.Collect$$libinit$$00000025          0x080002b6   Section        0  libinit2.o(.ARM.Collect$$libinit$$00000025)
    .ARM.Collect$$libinit$$00000026          0x080002b6   Section        4  libinit2.o(.ARM.Collect$$libinit$$00000026)
    .ARM.Collect$$libinit$$00000027          0x080002ba   Section        0  libinit2.o(.ARM.Collect$$libinit$$00000027)
    .ARM.Collect$$libinit$$0000002E          0x080002ba   Section        0  libinit2.o(.ARM.Collect$$libinit$$0000002E)
    .ARM.Collect$$libinit$$00000030          0x080002ba   Section        0  libinit2.o(.ARM.Collect$$libinit$$00000030)
    .ARM.Collect$$libinit$$00000032          0x080002ba   Section        0  libinit2.o(.ARM.Collect$$libinit$$00000032)
    .ARM.Collect$$libinit$$00000034          0x080002ba   Section        0  libinit2.o(.ARM.Collect$$libinit$$00000034)
    .ARM.Collect$$libinit$$00000035          0x080002ba   Section        2  libinit2.o(.ARM.Collect$$libinit$$00000035)
    .ARM.Collect$$libshutdown$$00000000      0x080002bc   Section        2  libshutdown.o(.ARM.Collect$$libshutdown$$00000000)
    .ARM.Collect$$libshutdown$$00000002      0x080002be   Section        0  libshutdown2.o(.ARM.Collect$$libshutdown$$00000002)
    .ARM.Collect$$libshutdown$$00000003      0x080002be   Section        4  libshutdown2.o(.ARM.Collect$$libshutdown$$00000003)
    .ARM.Collect$$libshutdown$$00000004      0x080002c2   Section        0  libshutdown2.o(.ARM.Collect$$libshutdown$$00000004)
    .ARM.Collect$$libshutdown$$00000007      0x080002c2   Section        0  libshutdown2.o(.ARM.Collect$$libshutdown$$00000007)
    .ARM.Collect$$libshutdown$$0000000A      0x080002c2   Section        0  libshutdown2.o(.ARM.Collect$$libshutdown$$0000000A)
    .ARM.Collect$$libshutdown$$0000000C      0x080002c2   Section        0  libshutdown2.o(.ARM.Collect$$libshutdown$$0000000C)
    .ARM.Collect$$libshutdown$$0000000F      0x080002c2   Section        0  libshutdown2.o(.ARM.Collect$$libshutdown$$0000000F)
    .ARM.Collect$$libshutdown$$00000010      0x080002c2   Section        2  libshutdown2.o(.ARM.Collect$$libshutdown$$00000010)
    .ARM.Collect$$rtentry$$00000000          0x080002c4   Section        0  __rtentry.o(.ARM.Collect$$rtentry$$00000000)
    .ARM.Collect$$rtentry$$00000002          0x080002c4   Section        0  __rtentry2.o(.ARM.Collect$$rtentry$$00000002)
    .ARM.Collect$$rtentry$$00000004          0x080002c4   Section        6  __rtentry4.o(.ARM.Collect$$rtentry$$00000004)
    .ARM.Collect$$rtentry$$00000009          0x080002ca   Section        0  __rtentry2.o(.ARM.Collect$$rtentry$$00000009)
    .ARM.Collect$$rtentry$$0000000A          0x080002ca   Section        4  __rtentry2.o(.ARM.Collect$$rtentry$$0000000A)
    .ARM.Collect$$rtentry$$0000000C          0x080002ce   Section        0  __rtentry2.o(.ARM.Collect$$rtentry$$0000000C)
    .ARM.Collect$$rtentry$$0000000D          0x080002ce   Section        8  __rtentry2.o(.ARM.Collect$$rtentry$$0000000D)
    .ARM.Collect$$rtexit$$00000000           0x080002d6   Section        2  rtexit.o(.ARM.Collect$$rtexit$$00000000)
    .ARM.Collect$$rtexit$$00000002           0x080002d8   Section        0  rtexit2.o(.ARM.Collect$$rtexit$$00000002)
    .ARM.Collect$$rtexit$$00000003           0x080002d8   Section        4  rtexit2.o(.ARM.Collect$$rtexit$$00000003)
    .ARM.Collect$$rtexit$$00000004           0x080002dc   Section        6  rtexit2.o(.ARM.Collect$$rtexit$$00000004)
    $v0                                      0x080002e4   Number         0  startup_stm32l475xx.o(.text)
    .text                                    0x080002e4   Section       64  startup_stm32l475xx.o(.text)
    .text                                    0x08000324   Section        0  printf.o(.text)
    .text                                    0x0800033c   Section        0  heapauxi.o(.text)
    .text                                    0x08000342   Section        0  _printf_pad.o(.text)
    .text                                    0x08000390   Section        0  _printf_truncate.o(.text)
    .text                                    0x080003b4   Section        0  _printf_str.o(.text)
    .text                                    0x08000408   Section        0  _printf_dec.o(.text)
    .text                                    0x08000480   Section        0  _printf_charcount.o(.text)
    .text                                    0x080004a8   Section        0  _printf_char_file.o(.text)
    .text                                    0x080004cc   Section        0  _printf_wctomb.o(.text)
    .text                                    0x08000590   Section        0  _printf_longlong_dec.o(.text)
    _printf_longlong_oct_internal            0x0800060d   Thumb Code     0  _printf_oct_int_ll.o(.text)
    .text                                    0x0800060c   Section        0  _printf_oct_int_ll.o(.text)
    _printf_hex_common                       0x0800067d   Thumb Code     0  _printf_hex_int_ll_ptr.o(.text)
    .text                                    0x0800067c   Section        0  _printf_hex_int_ll_ptr.o(.text)
    .text                                    0x08000710   Section        0  __printf_flags_ss_wp.o(.text)
    .text                                    0x0800089e   Section      138  lludiv10.o(.text)
    .text                                    0x08000928   Section        0  _printf_intcommon.o(.text)
    _fp_digits                               0x080009db   Thumb Code   432  _printf_fp_dec.o(.text)
    .text                                    0x080009da   Section        0  _printf_fp_dec.o(.text)
    .text                                    0x08000dfc   Section        0  _printf_fp_hex.o(.text)
    _printf_input_char                       0x08001101   Thumb Code    10  _printf_char_common.o(.text)
    .text                                    0x08001100   Section        0  _printf_char_common.o(.text)
    .text                                    0x08001130   Section        0  _printf_char.o(.text)
    .text                                    0x0800115c   Section        0  _printf_wchar.o(.text)
    .text                                    0x08001188   Section        0  ferror.o(.text)
    .text                                    0x08001190   Section        0  initio.o(.text)
    .text                                    0x080012c8   Section        0  _c16rtomb.o(.text)
    .text                                    0x08001310   Section       74  sys_stackheap_outer.o(.text)
    .text                                    0x0800135c   Section       16  rt_ctype_table.o(.text)
    .text                                    0x0800136c   Section        8  rt_locale_intlibspace.o(.text)
    .text                                    0x08001374   Section        0  h1_free.o(.text)
    .text                                    0x080013c4   Section        0  _printf_fp_infnan.o(.text)
    .text                                    0x08001444   Section        0  bigflt0.o(.text)
    .text                                    0x08001528   Section        0  setvbuf.o(.text)
    _freopen_locked                          0x08001571   Thumb Code     0  fopen.o(.text)
    .text                                    0x08001570   Section        0  fopen.o(.text)
    .text                                    0x08001660   Section        0  fclose.o(.text)
    .text                                    0x080016ac   Section        0  exit.o(.text)
    .text                                    0x080016be   Section        0  defsig_rtred_outer.o(.text)
    .text                                    0x080016cc   Section       78  rt_memclr_w.o(.text)
    .text                                    0x0800171a   Section        0  sys_io.o(.text)
    .text                                    0x08001780   Section        8  libspace.o(.text)
    .text                                    0x08001788   Section        8  rt_heap_descriptor_intlibspace.o(.text)
    .text                                    0x08001790   Section        0  hguard.o(.text)
    .text                                    0x08001794   Section        0  init_alloc.o(.text)
    .text                                    0x0800181e   Section        0  h1_alloc.o(.text)
    .text                                    0x0800187c   Section        0  fseek.o(.text)
    .text                                    0x08001974   Section        0  stdio.o(.text)
    .text                                    0x08001a82   Section        0  defsig_exit.o(.text)
    .text                                    0x08001a8c   Section        0  defsig_rtred_inner.o(.text)
    .text                                    0x08001ac0   Section      124  strcmpv7em.o(.text)
    .text                                    0x08001b3c   Section        0  sys_exit.o(.text)
    .text                                    0x08001b48   Section        2  use_no_semi.o(.text)
    .text                                    0x08001b4a   Section        0  indicate_semi.o(.text)
    .text                                    0x08001b4a   Section        0  maybetermalloc1.o(.text)
    .text                                    0x08001b4a   Section        0  h1_init.o(.text)
    .text                                    0x08001b58   Section        0  h1_extend.o(.text)
    .text                                    0x08001b8c   Section        0  ftell.o(.text)
    .text                                    0x08001bce   Section        0  defsig_general.o(.text)
    .text                                    0x08001c00   Section        0  defsig_rtmem_outer.o(.text)
    .text                                    0x08001c0e   Section        0  strlen.o(.text)
    .text                                    0x08001c4c   Section        0  sys_wrch.o(.text)
    .text                                    0x08001c5c   Section        8  rt_errno_addr_intlibspace.o(.text)
    .text                                    0x08001c64   Section        0  defsig_rtmem_inner.o(.text)
    [Anonymous Symbol]                       0x08001cb4   Section        0  scheduler.o(.text.EXTI4_IRQHandler)
    [Anonymous Symbol]                       0x08001ce0   Section        0  gpio.o(.text.EXTI_Init)
    [Anonymous Symbol]                       0x08001d3c   Section        0  tasks.o(.text.EmergencyVehicleTask)
    [Anonymous Symbol]                       0x08001d9c   Section        0  gpio.o(.text.GPIO_Init)
    ITM_SendChar                             0x08001e31   Thumb Code    68  main.o(.text.ITM_SendChar)
    [Anonymous Symbol]                       0x08001e30   Section        0  main.o(.text.ITM_SendChar)
    [Anonymous Symbol]                       0x08001e74   Section        0  scheduler.o(.text.Scheduler)
    [Anonymous Symbol]                       0x08001f7c   Section        0  main.o(.text.SystemClock_Config)
    [Anonymous Symbol]                       0x08001fe0   Section        0  system_stm32l4xx.o(.text.SystemInit)
    [Anonymous Symbol]                       0x08001ff4   Section        0  tasks.o(.text.TrafficFlowControlTask)
    __NVIC_EnableIRQ                         0x080020a5   Thumb Code    48  gpio.o(.text.__NVIC_EnableIRQ)
    [Anonymous Symbol]                       0x080020a4   Section        0  gpio.o(.text.__NVIC_EnableIRQ)
    __NVIC_SetPriority                       0x080020d5   Thumb Code    66  gpio.o(.text.__NVIC_SetPriority)
    [Anonymous Symbol]                       0x080020d4   Section        0  gpio.o(.text.__NVIC_SetPriority)
    [Anonymous Symbol]                       0x08002118   Section        0  mutex.o(.text.acquire_mutex)
    [Anonymous Symbol]                       0x08002168   Section        0  scheduler.o(.text.addTask)
    [Anonymous Symbol]                       0x080021bc   Section        0  tasks.o(.text.closeAllLED)
    [Anonymous Symbol]                       0x080021dc   Section        0  main.o(.text.fputc)
    [Anonymous Symbol]                       0x080021f0   Section        0  main.o(.text.main)
    [Anonymous Symbol]                       0x08002228   Section        0  mutex.o(.text.release_mutex)
    [Anonymous Symbol]                       0x0800223c   Section        0  gpio.o(.text.set_traffic_light)
    [Anonymous Symbol]                       0x080022cc   Section        0  scheduler.o(.text.sortTasksByPriority)
    CL$$btod_d2e                             0x08002370   Section       62  btod.o(CL$$btod_d2e)
    CL$$btod_d2e_denorm_low                  0x080023ae   Section       70  btod.o(CL$$btod_d2e_denorm_low)
    CL$$btod_d2e_norm_op1                    0x080023f4   Section       96  btod.o(CL$$btod_d2e_norm_op1)
    CL$$btod_div_common                      0x08002454   Section      824  btod.o(CL$$btod_div_common)
    CL$$btod_e2e                             0x0800278c   Section      220  btod.o(CL$$btod_e2e)
    CL$$btod_ediv                            0x08002868   Section       42  btod.o(CL$$btod_ediv)
    CL$$btod_emul                            0x08002892   Section       42  btod.o(CL$$btod_emul)
    CL$$btod_mult_common                     0x080028bc   Section      580  btod.o(CL$$btod_mult_common)
    i.__ARM_fpclassify                       0x08002b00   Section        0  fpclassify.o(i.__ARM_fpclassify)
    i._is_digit                              0x08002b30   Section        0  __printf_wp.o(i._is_digit)
    locale$$code                             0x08002b40   Section       44  lc_numeric_c.o(locale$$code)
    locale$$code                             0x08002b6c   Section       44  lc_ctype_c.o(locale$$code)
    $v0                                      0x08002b98   Number         0  fpinit.o(x$fpl$fpinit)
    x$fpl$fpinit                             0x08002b98   Section       26  fpinit.o(x$fpl$fpinit)
    $v0                                      0x08002bb2   Number         0  printf1.o(x$fpl$printf1)
    x$fpl$printf1                            0x08002bb2   Section        4  printf1.o(x$fpl$printf1)
    $v0                                      0x08002bb6   Number         0  printf2.o(x$fpl$printf2)
    x$fpl$printf2                            0x08002bb6   Section        4  printf2.o(x$fpl$printf2)
    x$fpl$usenofp                            0x08002bba   Section        0  usenofp.o(x$fpl$usenofp)
    initial_mbstate                          0x08002bbc   Data           8  _printf_wctomb.o(.constdata)
    .constdata                               0x08002bbc   Section        8  _printf_wctomb.o(.constdata)
    uc_hextab                                0x08002bc4   Data          20  _printf_hex_int_ll_ptr.o(.constdata)
    .constdata                               0x08002bc4   Section       40  _printf_hex_int_ll_ptr.o(.constdata)
    lc_hextab                                0x08002bd8   Data          20  _printf_hex_int_ll_ptr.o(.constdata)
    maptable                                 0x08002bec   Data          17  __printf_flags_ss_wp.o(.constdata)
    .constdata                               0x08002bec   Section       17  __printf_flags_ss_wp.o(.constdata)
    lc_hextab                                0x08002bfd   Data          19  _printf_fp_hex.o(.constdata)
    .constdata                               0x08002bfd   Section       38  _printf_fp_hex.o(.constdata)
    uc_hextab                                0x08002c10   Data          19  _printf_fp_hex.o(.constdata)
    .constdata                               0x08002c23   Section        4  sys_io_names.o(.constdata)
    .constdata                               0x08002c27   Section        4  sys_io_names.o(.constdata)
    .constdata                               0x08002c2b   Section        4  sys_io_names.o(.constdata)
    tenpwrs_x                                0x08002c30   Data          60  bigflt0.o(.constdata)
    .constdata                               0x08002c30   Section      148  bigflt0.o(.constdata)
    tenpwrs_i                                0x08002c6c   Data          64  bigflt0.o(.constdata)
    .L.str                                   0x08002cc4   Data          10  tasks.o(.rodata.str1.1)
    [Anonymous Symbol]                       0x08002cc4   Section        0  tasks.o(.rodata.str1.1)
    locale$$data                             0x08002cf0   Section       28  lc_numeric_c.o(locale$$data)
    __lcnum_c_name                           0x08002cf4   Data           2  lc_numeric_c.o(locale$$data)
    __lcnum_c_start                          0x08002cfc   Data           0  lc_numeric_c.o(locale$$data)
    __lcnum_c_point                          0x08002d08   Data           0  lc_numeric_c.o(locale$$data)
    __lcnum_c_thousands                      0x08002d0a   Data           0  lc_numeric_c.o(locale$$data)
    __lcnum_c_grouping                       0x08002d0b   Data           0  lc_numeric_c.o(locale$$data)
    __lcnum_c_end                            0x08002d0c   Data           0  lc_numeric_c.o(locale$$data)
    locale$$data                             0x08002d0c   Section      272  lc_ctype_c.o(locale$$data)
    __lcctype_c_name                         0x08002d10   Data           2  lc_ctype_c.o(locale$$data)
    __lcctype_c_start                        0x08002d18   Data           0  lc_ctype_c.o(locale$$data)
    __lcctype_c_end                          0x08002e1c   Data           0  lc_ctype_c.o(locale$$data)
    .data                                    0x20000000   Section        4  stdio_streams.o(.data)
    .data                                    0x20000004   Section        4  stdio_streams.o(.data)
    .data                                    0x20000008   Section        4  stdio_streams.o(.data)
    .bss                                     0x20000010   Section       84  stdio_streams.o(.bss)
    .bss                                     0x20000064   Section       84  stdio_streams.o(.bss)
    .bss                                     0x200000b8   Section       84  stdio_streams.o(.bss)
    .bss                                     0x2000010c   Section       96  libspace.o(.bss)
    TrafficFlowControlTask.state             0x2000016c   Data           1  tasks.o(.bss.TrafficFlowControlTask.state)
    [Anonymous Symbol]                       0x2000016c   Section        0  tasks.o(.bss.TrafficFlowControlTask.state)
    currentRoundRobinIndex                   0x2000016d   Data           1  scheduler.o(.bss.currentRoundRobinIndex)
    [Anonymous Symbol]                       0x2000016d   Section        0  scheduler.o(.bss.currentRoundRobinIndex)
    taskCount                                0x2000016e   Data           1  scheduler.o(.bss.taskCount)
    [Anonymous Symbol]                       0x2000016e   Section        0  scheduler.o(.bss.taskCount)
    taskQueue                                0x20000170   Data          80  scheduler.o(.bss.taskQueue)
    [Anonymous Symbol]                       0x20000170   Section        0  scheduler.o(.bss.taskQueue)
    Heap_Mem                                 0x200001c8   Data         512  startup_stm32l475xx.o(HEAP)
    HEAP                                     0x200001c8   Section      512  startup_stm32l475xx.o(HEAP)
    Stack_Mem                                0x200003c8   Data        1024  startup_stm32l475xx.o(STACK)
    STACK                                    0x200003c8   Section     1024  startup_stm32l475xx.o(STACK)
    __initial_sp                             0x200007c8   Data           0  startup_stm32l475xx.o(STACK)

    Global Symbols

    Symbol Name                              Value     Ov Type        Size  Object(Section)

    BuildAttributes$$THM_ISAv4$E$P$D$K$B$S$7EM$VFPi3$EXTD16$VFPS$VFMA$PE$A:L22UL41UL21$X:L11$S22US41US21$IEEE1$IW$~IW$USESV6$~STKCKD$USESV7$~SHL$OTIME$ROPI$IEEEJ$EBA8$UX$STANDARDLIB$REQ8$PRES8$EABIv2 0x00000000   Number         0  anon$$obj.o ABSOLUTE
    _printf_flags                            0x00000000   Number         0  printf_stubs.o ABSOLUTE
    _printf_return_value                     0x00000000   Number         0  printf_stubs.o ABSOLUTE
    _printf_sizespec                         0x00000000   Number         0  printf_stubs.o ABSOLUTE
    _printf_widthprec                        0x00000000   Number         0  printf_stubs.o ABSOLUTE
    __ARM_exceptions_init                     - Undefined Weak Reference
    __alloca_initialize                       - Undefined Weak Reference
    __arm_preinit_                            - Undefined Weak Reference
    __arm_relocate_pie_                       - Undefined Weak Reference
    __cpp_initialize__aeabi_                  - Undefined Weak Reference
    __cxa_finalize                            - Undefined Weak Reference
    __sigvec_lookup                           - Undefined Weak Reference
    __user_heap_extent                        - Undefined Weak Reference
    _atexit_init                              - Undefined Weak Reference
    _call_atexit_fns                          - Undefined Weak Reference
    _clock_init                               - Undefined Weak Reference
    _fp_trap_init                             - Undefined Weak Reference
    _fp_trap_shutdown                         - Undefined Weak Reference
    _get_lc_collate                           - Undefined Weak Reference
    _get_lc_monetary                          - Undefined Weak Reference
    _get_lc_time                              - Undefined Weak Reference
    _getenv_init                              - Undefined Weak Reference
    _handle_redirection                       - Undefined Weak Reference
    _mutex_acquire                            - Undefined Weak Reference
    _mutex_free                               - Undefined Weak Reference
    _mutex_release                            - Undefined Weak Reference
    _printf_mbtowc                            - Undefined Weak Reference
    _printf_wc                                - Undefined Weak Reference
    _rand_init                                - Undefined Weak Reference
    _signal_finish                            - Undefined Weak Reference
    _signal_init                              - Undefined Weak Reference
    __Vectors_Size                           0x00000188   Number         0  startup_stm32l475xx.o ABSOLUTE
    __Vectors                                0x08000000   Data           4  startup_stm32l475xx.o(RESET)
    __Vectors_End                            0x08000188   Data           0  startup_stm32l475xx.o(RESET)
    __main                                   0x08000189   Thumb Code     8  __main.o(!!!main)
    __scatterload                            0x08000191   Thumb Code     0  __scatter.o(!!!scatter)
    __scatterload_rt2                        0x08000191   Thumb Code    44  __scatter.o(!!!scatter)
    __scatterload_rt2_thumb_only             0x08000191   Thumb Code     0  __scatter.o(!!!scatter)
    __scatterload_null                       0x0800019f   Thumb Code     0  __scatter.o(!!!scatter)
    __scatterload_copy                       0x080001c5   Thumb Code    26  __scatter_copy.o(!!handler_copy)
    __scatterload_zeroinit                   0x080001e1   Thumb Code    28  __scatter_zi.o(!!handler_zi)
    _printf_n                                0x080001fd   Thumb Code     0  _printf_n.o(.ARM.Collect$$_printf_percent$$00000001)
    _printf_percent                          0x080001fd   Thumb Code     0  _printf_percent.o(.ARM.Collect$$_printf_percent$$00000000)
    _printf_p                                0x08000203   Thumb Code     0  _printf_p.o(.ARM.Collect$$_printf_percent$$00000002)
    _printf_f                                0x08000209   Thumb Code     0  _printf_f.o(.ARM.Collect$$_printf_percent$$00000003)
    _printf_e                                0x0800020f   Thumb Code     0  _printf_e.o(.ARM.Collect$$_printf_percent$$00000004)
    _printf_g                                0x08000215   Thumb Code     0  _printf_g.o(.ARM.Collect$$_printf_percent$$00000005)
    _printf_a                                0x0800021b   Thumb Code     0  _printf_a.o(.ARM.Collect$$_printf_percent$$00000006)
    _printf_ll                               0x08000221   Thumb Code     0  _printf_ll.o(.ARM.Collect$$_printf_percent$$00000007)
    _printf_i                                0x0800022b   Thumb Code     0  _printf_i.o(.ARM.Collect$$_printf_percent$$00000008)
    _printf_d                                0x08000231   Thumb Code     0  _printf_d.o(.ARM.Collect$$_printf_percent$$00000009)
    _printf_u                                0x08000237   Thumb Code     0  _printf_u.o(.ARM.Collect$$_printf_percent$$0000000A)
    _printf_o                                0x0800023d   Thumb Code     0  _printf_o.o(.ARM.Collect$$_printf_percent$$0000000B)
    _printf_x                                0x08000243   Thumb Code     0  _printf_x.o(.ARM.Collect$$_printf_percent$$0000000C)
    _printf_lli                              0x08000249   Thumb Code     0  _printf_lli.o(.ARM.Collect$$_printf_percent$$0000000D)
    _printf_lld                              0x0800024f   Thumb Code     0  _printf_lld.o(.ARM.Collect$$_printf_percent$$0000000E)
    _printf_llu                              0x08000255   Thumb Code     0  _printf_llu.o(.ARM.Collect$$_printf_percent$$0000000F)
    _printf_llo                              0x0800025b   Thumb Code     0  _printf_llo.o(.ARM.Collect$$_printf_percent$$00000010)
    _printf_llx                              0x08000261   Thumb Code     0  _printf_llx.o(.ARM.Collect$$_printf_percent$$00000011)
    _printf_l                                0x08000267   Thumb Code     0  _printf_l.o(.ARM.Collect$$_printf_percent$$00000012)
    _printf_c                                0x08000271   Thumb Code     0  _printf_c.o(.ARM.Collect$$_printf_percent$$00000013)
    _printf_s                                0x08000277   Thumb Code     0  _printf_s.o(.ARM.Collect$$_printf_percent$$00000014)
    _printf_lc                               0x0800027d   Thumb Code     0  _printf_lc.o(.ARM.Collect$$_printf_percent$$00000015)
    _printf_ls                               0x08000283   Thumb Code     0  _printf_ls.o(.ARM.Collect$$_printf_percent$$00000016)
    _printf_percent_end                      0x08000289   Thumb Code     0  _printf_percent_end.o(.ARM.Collect$$_printf_percent$$00000017)
    __rt_lib_init                            0x0800028d   Thumb Code     0  libinit.o(.ARM.Collect$$libinit$$00000000)
    __rt_lib_init_fp_1                       0x0800028f   Thumb Code     0  libinit2.o(.ARM.Collect$$libinit$$00000001)
    __rt_lib_init_heap_2                     0x08000293   Thumb Code     0  libinit2.o(.ARM.Collect$$libinit$$00000007)
    __rt_lib_init_preinit_1                  0x08000293   Thumb Code     0  libinit2.o(.ARM.Collect$$libinit$$00000006)
    __rt_lib_init_relocate_pie_1             0x08000293   Thumb Code     0  libinit2.o(.ARM.Collect$$libinit$$00000004)
    __rt_lib_init_heap_1                     0x0800029b   Thumb Code     0  libinit2.o(.ARM.Collect$$libinit$$0000000C)
    __rt_lib_init_lc_common                  0x0800029b   Thumb Code     0  libinit2.o(.ARM.Collect$$libinit$$00000011)
    __rt_lib_init_rand_1                     0x0800029b   Thumb Code     0  libinit2.o(.ARM.Collect$$libinit$$00000010)
    __rt_lib_init_user_alloc_1               0x0800029b   Thumb Code     0  libinit2.o(.ARM.Collect$$libinit$$0000000E)
    __rt_lib_init_lc_collate_1               0x080002a1   Thumb Code     0  libinit2.o(.ARM.Collect$$libinit$$00000013)
    __rt_lib_init_lc_ctype_2                 0x080002a1   Thumb Code     0  libinit2.o(.ARM.Collect$$libinit$$00000014)
    __rt_lib_init_lc_ctype_1                 0x080002ad   Thumb Code     0  libinit2.o(.ARM.Collect$$libinit$$00000015)
    __rt_lib_init_lc_monetary_1              0x080002ad   Thumb Code     0  libinit2.o(.ARM.Collect$$libinit$$00000017)
    __rt_lib_init_lc_numeric_2               0x080002ad   Thumb Code     0  libinit2.o(.ARM.Collect$$libinit$$00000018)
    __rt_lib_init_atexit_1                   0x080002b7   Thumb Code     0  libinit2.o(.ARM.Collect$$libinit$$0000001D)
    __rt_lib_init_clock_1                    0x080002b7   Thumb Code     0  libinit2.o(.ARM.Collect$$libinit$$00000023)
    __rt_lib_init_fp_trap_1                  0x080002b7   Thumb Code     0  libinit2.o(.ARM.Collect$$libinit$$00000021)
    __rt_lib_init_getenv_1                   0x080002b7   Thumb Code     0  libinit2.o(.ARM.Collect$$libinit$$00000025)
    __rt_lib_init_lc_numeric_1               0x080002b7   Thumb Code     0  libinit2.o(.ARM.Collect$$libinit$$00000019)
    __rt_lib_init_lc_time_1                  0x080002b7   Thumb Code     0  libinit2.o(.ARM.Collect$$libinit$$0000001B)
    __rt_lib_init_signal_1                   0x080002b7   Thumb Code     0  libinit2.o(.ARM.Collect$$libinit$$0000001F)
    __rt_lib_init_stdio_2                    0x080002b7   Thumb Code     0  libinit2.o(.ARM.Collect$$libinit$$00000026)
    __rt_lib_init_alloca_1                   0x080002bb   Thumb Code     0  libinit2.o(.ARM.Collect$$libinit$$00000030)
    __rt_lib_init_argv_1                     0x080002bb   Thumb Code     0  libinit2.o(.ARM.Collect$$libinit$$0000002E)
    __rt_lib_init_cpp_1                      0x080002bb   Thumb Code     0  libinit2.o(.ARM.Collect$$libinit$$00000034)
    __rt_lib_init_exceptions_1               0x080002bb   Thumb Code     0  libinit2.o(.ARM.Collect$$libinit$$00000032)
    __rt_lib_init_return                     0x080002bb   Thumb Code     0  libinit2.o(.ARM.Collect$$libinit$$00000035)
    __rt_lib_init_stdio_1                    0x080002bb   Thumb Code     0  libinit2.o(.ARM.Collect$$libinit$$00000027)
    __rt_lib_shutdown                        0x080002bd   Thumb Code     0  libshutdown.o(.ARM.Collect$$libshutdown$$00000000)
    __rt_lib_shutdown_cpp_1                  0x080002bf   Thumb Code     0  libshutdown2.o(.ARM.Collect$$libshutdown$$00000002)
    __rt_lib_shutdown_stdio_2                0x080002bf   Thumb Code     0  libshutdown2.o(.ARM.Collect$$libshutdown$$00000003)
    __rt_lib_shutdown_fp_trap_1              0x080002c3   Thumb Code     0  libshutdown2.o(.ARM.Collect$$libshutdown$$00000007)
    __rt_lib_shutdown_heap_1                 0x080002c3   Thumb Code     0  libshutdown2.o(.ARM.Collect$$libshutdown$$0000000F)
    __rt_lib_shutdown_return                 0x080002c3   Thumb Code     0  libshutdown2.o(.ARM.Collect$$libshutdown$$00000010)
    __rt_lib_shutdown_signal_1               0x080002c3   Thumb Code     0  libshutdown2.o(.ARM.Collect$$libshutdown$$0000000A)
    __rt_lib_shutdown_stdio_1                0x080002c3   Thumb Code     0  libshutdown2.o(.ARM.Collect$$libshutdown$$00000004)
    __rt_lib_shutdown_user_alloc_1           0x080002c3   Thumb Code     0  libshutdown2.o(.ARM.Collect$$libshutdown$$0000000C)
    __rt_entry                               0x080002c5   Thumb Code     0  __rtentry.o(.ARM.Collect$$rtentry$$00000000)
    __rt_entry_presh_1                       0x080002c5   Thumb Code     0  __rtentry2.o(.ARM.Collect$$rtentry$$00000002)
    __rt_entry_sh                            0x080002c5   Thumb Code     0  __rtentry4.o(.ARM.Collect$$rtentry$$00000004)
    __rt_entry_li                            0x080002cb   Thumb Code     0  __rtentry2.o(.ARM.Collect$$rtentry$$0000000A)
    __rt_entry_postsh_1                      0x080002cb   Thumb Code     0  __rtentry2.o(.ARM.Collect$$rtentry$$00000009)
    __rt_entry_main                          0x080002cf   Thumb Code     0  __rtentry2.o(.ARM.Collect$$rtentry$$0000000D)
    __rt_entry_postli_1                      0x080002cf   Thumb Code     0  __rtentry2.o(.ARM.Collect$$rtentry$$0000000C)
    __rt_exit                                0x080002d7   Thumb Code     0  rtexit.o(.ARM.Collect$$rtexit$$00000000)
    __rt_exit_ls                             0x080002d9   Thumb Code     0  rtexit2.o(.ARM.Collect$$rtexit$$00000003)
    __rt_exit_prels_1                        0x080002d9   Thumb Code     0  rtexit2.o(.ARM.Collect$$rtexit$$00000002)
    __rt_exit_exit                           0x080002dd   Thumb Code     0  rtexit2.o(.ARM.Collect$$rtexit$$00000004)
    Reset_Handler                            0x080002e5   Thumb Code     8  startup_stm32l475xx.o(.text)
    NMI_Handler                              0x080002ed   Thumb Code     2  startup_stm32l475xx.o(.text)
    HardFault_Handler                        0x080002ef   Thumb Code     2  startup_stm32l475xx.o(.text)
    MemManage_Handler                        0x080002f1   Thumb Code     2  startup_stm32l475xx.o(.text)
    BusFault_Handler                         0x080002f3   Thumb Code     2  startup_stm32l475xx.o(.text)
    UsageFault_Handler                       0x080002f5   Thumb Code     2  startup_stm32l475xx.o(.text)
    SVC_Handler                              0x080002f7   Thumb Code     2  startup_stm32l475xx.o(.text)
    DebugMon_Handler                         0x080002f9   Thumb Code     2  startup_stm32l475xx.o(.text)
    PendSV_Handler                           0x080002fb   Thumb Code     2  startup_stm32l475xx.o(.text)
    SysTick_Handler                          0x080002fd   Thumb Code     2  startup_stm32l475xx.o(.text)
    ADC1_2_IRQHandler                        0x080002ff   Thumb Code     0  startup_stm32l475xx.o(.text)
    ADC3_IRQHandler                          0x080002ff   Thumb Code     0  startup_stm32l475xx.o(.text)
    CAN1_RX0_IRQHandler                      0x080002ff   Thumb Code     0  startup_stm32l475xx.o(.text)
    CAN1_RX1_IRQHandler                      0x080002ff   Thumb Code     0  startup_stm32l475xx.o(.text)
    CAN1_SCE_IRQHandler                      0x080002ff   Thumb Code     0  startup_stm32l475xx.o(.text)
    CAN1_TX_IRQHandler                       0x080002ff   Thumb Code     0  startup_stm32l475xx.o(.text)
    COMP_IRQHandler                          0x080002ff   Thumb Code     0  startup_stm32l475xx.o(.text)
    DFSDM1_FLT0_IRQHandler                   0x080002ff   Thumb Code     0  startup_stm32l475xx.o(.text)
    DFSDM1_FLT1_IRQHandler                   0x080002ff   Thumb Code     0  startup_stm32l475xx.o(.text)
    DFSDM1_FLT2_IRQHandler                   0x080002ff   Thumb Code     0  startup_stm32l475xx.o(.text)
    DFSDM1_FLT3_IRQHandler                   0x080002ff   Thumb Code     0  startup_stm32l475xx.o(.text)
    DMA1_Channel1_IRQHandler                 0x080002ff   Thumb Code     0  startup_stm32l475xx.o(.text)
    DMA1_Channel2_IRQHandler                 0x080002ff   Thumb Code     0  startup_stm32l475xx.o(.text)
    DMA1_Channel3_IRQHandler                 0x080002ff   Thumb Code     0  startup_stm32l475xx.o(.text)
    DMA1_Channel4_IRQHandler                 0x080002ff   Thumb Code     0  startup_stm32l475xx.o(.text)
    DMA1_Channel5_IRQHandler                 0x080002ff   Thumb Code     0  startup_stm32l475xx.o(.text)
    DMA1_Channel6_IRQHandler                 0x080002ff   Thumb Code     0  startup_stm32l475xx.o(.text)
    DMA1_Channel7_IRQHandler                 0x080002ff   Thumb Code     0  startup_stm32l475xx.o(.text)
    DMA2_Channel1_IRQHandler                 0x080002ff   Thumb Code     0  startup_stm32l475xx.o(.text)
    DMA2_Channel2_IRQHandler                 0x080002ff   Thumb Code     0  startup_stm32l475xx.o(.text)
    DMA2_Channel3_IRQHandler                 0x080002ff   Thumb Code     0  startup_stm32l475xx.o(.text)
    DMA2_Channel4_IRQHandler                 0x080002ff   Thumb Code     0  startup_stm32l475xx.o(.text)
    DMA2_Channel5_IRQHandler                 0x080002ff   Thumb Code     0  startup_stm32l475xx.o(.text)
    DMA2_Channel6_IRQHandler                 0x080002ff   Thumb Code     0  startup_stm32l475xx.o(.text)
    DMA2_Channel7_IRQHandler                 0x080002ff   Thumb Code     0  startup_stm32l475xx.o(.text)
    EXTI0_IRQHandler                         0x080002ff   Thumb Code     0  startup_stm32l475xx.o(.text)
    EXTI15_10_IRQHandler                     0x080002ff   Thumb Code     0  startup_stm32l475xx.o(.text)
    EXTI1_IRQHandler                         0x080002ff   Thumb Code     0  startup_stm32l475xx.o(.text)
    EXTI2_IRQHandler                         0x080002ff   Thumb Code     0  startup_stm32l475xx.o(.text)
    EXTI3_IRQHandler                         0x080002ff   Thumb Code     0  startup_stm32l475xx.o(.text)
    EXTI9_5_IRQHandler                       0x080002ff   Thumb Code     0  startup_stm32l475xx.o(.text)
    FLASH_IRQHandler                         0x080002ff   Thumb Code     0  startup_stm32l475xx.o(.text)
    FMC_IRQHandler                           0x080002ff   Thumb Code     0  startup_stm32l475xx.o(.text)
    FPU_IRQHandler                           0x080002ff   Thumb Code     0  startup_stm32l475xx.o(.text)
    I2C1_ER_IRQHandler                       0x080002ff   Thumb Code     0  startup_stm32l475xx.o(.text)
    I2C1_EV_IRQHandler                       0x080002ff   Thumb Code     0  startup_stm32l475xx.o(.text)
    I2C2_ER_IRQHandler                       0x080002ff   Thumb Code     0  startup_stm32l475xx.o(.text)
    I2C2_EV_IRQHandler                       0x080002ff   Thumb Code     0  startup_stm32l475xx.o(.text)
    I2C3_ER_IRQHandler                       0x080002ff   Thumb Code     0  startup_stm32l475xx.o(.text)
    I2C3_EV_IRQHandler                       0x080002ff   Thumb Code     0  startup_stm32l475xx.o(.text)
    LPTIM1_IRQHandler                        0x080002ff   Thumb Code     0  startup_stm32l475xx.o(.text)
    LPTIM2_IRQHandler                        0x080002ff   Thumb Code     0  startup_stm32l475xx.o(.text)
    LPUART1_IRQHandler                       0x080002ff   Thumb Code     0  startup_stm32l475xx.o(.text)
    OTG_FS_IRQHandler                        0x080002ff   Thumb Code     0  startup_stm32l475xx.o(.text)
    PVD_PVM_IRQHandler                       0x080002ff   Thumb Code     0  startup_stm32l475xx.o(.text)
    QUADSPI_IRQHandler                       0x080002ff   Thumb Code     0  startup_stm32l475xx.o(.text)
    RCC_IRQHandler                           0x080002ff   Thumb Code     0  startup_stm32l475xx.o(.text)
    RNG_IRQHandler                           0x080002ff   Thumb Code     0  startup_stm32l475xx.o(.text)
    RTC_Alarm_IRQHandler                     0x080002ff   Thumb Code     0  startup_stm32l475xx.o(.text)
    RTC_WKUP_IRQHandler                      0x080002ff   Thumb Code     0  startup_stm32l475xx.o(.text)
    SAI1_IRQHandler                          0x080002ff   Thumb Code     0  startup_stm32l475xx.o(.text)
    SAI2_IRQHandler                          0x080002ff   Thumb Code     0  startup_stm32l475xx.o(.text)
    SDMMC1_IRQHandler                        0x080002ff   Thumb Code     0  startup_stm32l475xx.o(.text)
    SPI1_IRQHandler                          0x080002ff   Thumb Code     0  startup_stm32l475xx.o(.text)
    SPI2_IRQHandler                          0x080002ff   Thumb Code     0  startup_stm32l475xx.o(.text)
    SPI3_IRQHandler                          0x080002ff   Thumb Code     0  startup_stm32l475xx.o(.text)
    SWPMI1_IRQHandler                        0x080002ff   Thumb Code     0  startup_stm32l475xx.o(.text)
    TAMP_STAMP_IRQHandler                    0x080002ff   Thumb Code     0  startup_stm32l475xx.o(.text)
    TIM1_BRK_TIM15_IRQHandler                0x080002ff   Thumb Code     0  startup_stm32l475xx.o(.text)
    TIM1_CC_IRQHandler                       0x080002ff   Thumb Code     0  startup_stm32l475xx.o(.text)
    TIM1_TRG_COM_TIM17_IRQHandler            0x080002ff   Thumb Code     0  startup_stm32l475xx.o(.text)
    TIM1_UP_TIM16_IRQHandler                 0x080002ff   Thumb Code     0  startup_stm32l475xx.o(.text)
    TIM2_IRQHandler                          0x080002ff   Thumb Code     0  startup_stm32l475xx.o(.text)
    TIM3_IRQHandler                          0x080002ff   Thumb Code     0  startup_stm32l475xx.o(.text)
    TIM4_IRQHandler                          0x080002ff   Thumb Code     0  startup_stm32l475xx.o(.text)
    TIM5_IRQHandler                          0x080002ff   Thumb Code     0  startup_stm32l475xx.o(.text)
    TIM6_DAC_IRQHandler                      0x080002ff   Thumb Code     0  startup_stm32l475xx.o(.text)
    TIM7_IRQHandler                          0x080002ff   Thumb Code     0  startup_stm32l475xx.o(.text)
    TIM8_BRK_IRQHandler                      0x080002ff   Thumb Code     0  startup_stm32l475xx.o(.text)
    TIM8_CC_IRQHandler                       0x080002ff   Thumb Code     0  startup_stm32l475xx.o(.text)
    TIM8_TRG_COM_IRQHandler                  0x080002ff   Thumb Code     0  startup_stm32l475xx.o(.text)
    TIM8_UP_IRQHandler                       0x080002ff   Thumb Code     0  startup_stm32l475xx.o(.text)
    TSC_IRQHandler                           0x080002ff   Thumb Code     0  startup_stm32l475xx.o(.text)
    UART4_IRQHandler                         0x080002ff   Thumb Code     0  startup_stm32l475xx.o(.text)
    UART5_IRQHandler                         0x080002ff   Thumb Code     0  startup_stm32l475xx.o(.text)
    USART1_IRQHandler                        0x080002ff   Thumb Code     0  startup_stm32l475xx.o(.text)
    USART2_IRQHandler                        0x080002ff   Thumb Code     0  startup_stm32l475xx.o(.text)
    USART3_IRQHandler                        0x080002ff   Thumb Code     0  startup_stm32l475xx.o(.text)
    WWDG_IRQHandler                          0x080002ff   Thumb Code     0  startup_stm32l475xx.o(.text)
    __user_initial_stackheap                 0x08000301   Thumb Code     0  startup_stm32l475xx.o(.text)
    printf                                   0x08000325   Thumb Code    20  printf.o(.text)
    __use_two_region_memory                  0x0800033d   Thumb Code     2  heapauxi.o(.text)
    __rt_heap_escrow                         0x0800033f   Thumb Code     2  heapauxi.o(.text)
    __rt_heap_expand                         0x08000341   Thumb Code     2  heapauxi.o(.text)
    _printf_pre_padding                      0x08000343   Thumb Code    44  _printf_pad.o(.text)
    _printf_post_padding                     0x0800036f   Thumb Code    34  _printf_pad.o(.text)
    _printf_truncate_signed                  0x08000391   Thumb Code    18  _printf_truncate.o(.text)
    _printf_truncate_unsigned                0x080003a3   Thumb Code    18  _printf_truncate.o(.text)
    _printf_str                              0x080003b5   Thumb Code    82  _printf_str.o(.text)
    _printf_int_dec                          0x08000409   Thumb Code   104  _printf_dec.o(.text)
    _printf_charcount                        0x08000481   Thumb Code    40  _printf_charcount.o(.text)
    _printf_char_file                        0x080004a9   Thumb Code    32  _printf_char_file.o(.text)
    _printf_wctomb                           0x080004cd   Thumb Code   182  _printf_wctomb.o(.text)
    _printf_longlong_dec                     0x08000591   Thumb Code   108  _printf_longlong_dec.o(.text)
    _printf_longlong_oct                     0x0800060d   Thumb Code    68  _printf_oct_int_ll.o(.text)
    _printf_int_oct                          0x08000651   Thumb Code    24  _printf_oct_int_ll.o(.text)
    _printf_ll_oct                           0x08000669   Thumb Code    12  _printf_oct_int_ll.o(.text)
    _printf_longlong_hex                     0x0800067d   Thumb Code    86  _printf_hex_int_ll_ptr.o(.text)
    _printf_int_hex                          0x080006d3   Thumb Code    28  _printf_hex_int_ll_ptr.o(.text)
    _printf_ll_hex                           0x080006ef   Thumb Code    12  _printf_hex_int_ll_ptr.o(.text)
    _printf_hex_ptr                          0x080006fb   Thumb Code    18  _printf_hex_int_ll_ptr.o(.text)
    __printf                                 0x08000711   Thumb Code   388  __printf_flags_ss_wp.o(.text)
    _ll_udiv10                               0x0800089f   Thumb Code   138  lludiv10.o(.text)
    _printf_int_common                       0x08000929   Thumb Code   178  _printf_intcommon.o(.text)
    _printf_fp_dec_real                      0x08000b8b   Thumb Code   620  _printf_fp_dec.o(.text)
    _printf_fp_hex_real                      0x08000dfd   Thumb Code   756  _printf_fp_hex.o(.text)
    _printf_char_common                      0x0800110b   Thumb Code    32  _printf_char_common.o(.text)
    _printf_cs_common                        0x08001131   Thumb Code    20  _printf_char.o(.text)
    _printf_char                             0x08001145   Thumb Code    16  _printf_char.o(.text)
    _printf_string                           0x08001155   Thumb Code     8  _printf_char.o(.text)
    _printf_lcs_common                       0x0800115d   Thumb Code    20  _printf_wchar.o(.text)
    _printf_wchar                            0x08001171   Thumb Code    16  _printf_wchar.o(.text)
    _printf_wstring                          0x08001181   Thumb Code     8  _printf_wchar.o(.text)
    ferror                                   0x08001189   Thumb Code     8  ferror.o(.text)
    _initio                                  0x08001191   Thumb Code   210  initio.o(.text)
    _terminateio                             0x08001263   Thumb Code    56  initio.o(.text)
    _c16rtomb                                0x080012c9   Thumb Code    72  _c16rtomb.o(.text)
    _wcrtomb                                 0x080012c9   Thumb Code     0  _c16rtomb.o(.text)
    __user_setup_stackheap                   0x08001311   Thumb Code    74  sys_stackheap_outer.o(.text)
    __rt_ctype_table                         0x0800135d   Thumb Code    16  rt_ctype_table.o(.text)
    __rt_locale                              0x0800136d   Thumb Code     8  rt_locale_intlibspace.o(.text)
    free                                     0x08001375   Thumb Code    78  h1_free.o(.text)
    _printf_fp_infnan                        0x080013c5   Thumb Code   112  _printf_fp_infnan.o(.text)
    _btod_etento                             0x08001445   Thumb Code   224  bigflt0.o(.text)
    setvbuf                                  0x08001529   Thumb Code    70  setvbuf.o(.text)
    freopen                                  0x08001571   Thumb Code   160  fopen.o(.text)
    fopen                                    0x08001611   Thumb Code    74  fopen.o(.text)
    _fclose_internal                         0x08001661   Thumb Code    76  fclose.o(.text)
    fclose                                   0x08001661   Thumb Code     0  fclose.o(.text)
    exit                                     0x080016ad   Thumb Code    18  exit.o(.text)
    __rt_SIGRTRED                            0x080016bf   Thumb Code    14  defsig_rtred_outer.o(.text)
    __aeabi_memclr4                          0x080016cd   Thumb Code     0  rt_memclr_w.o(.text)
    __aeabi_memclr8                          0x080016cd   Thumb Code     0  rt_memclr_w.o(.text)
    __rt_memclr_w                            0x080016cd   Thumb Code     0  rt_memclr_w.o(.text)
    _memset_w                                0x080016d1   Thumb Code    74  rt_memclr_w.o(.text)
    _sys_open                                0x0800171b   Thumb Code    20  sys_io.o(.text)
    _sys_close                               0x0800172f   Thumb Code    12  sys_io.o(.text)
    _sys_write                               0x0800173b   Thumb Code    16  sys_io.o(.text)
    _sys_read                                0x0800174b   Thumb Code    14  sys_io.o(.text)
    _sys_istty                               0x08001759   Thumb Code    12  sys_io.o(.text)
    _sys_seek                                0x08001765   Thumb Code    14  sys_io.o(.text)
    _sys_ensure                              0x08001773   Thumb Code     2  sys_io.o(.text)
    _sys_flen                                0x08001775   Thumb Code    12  sys_io.o(.text)
    __user_libspace                          0x08001781   Thumb Code     8  libspace.o(.text)
    __user_perproc_libspace                  0x08001781   Thumb Code     0  libspace.o(.text)
    __user_perthread_libspace                0x08001781   Thumb Code     0  libspace.o(.text)
    __rt_heap_descriptor                     0x08001789   Thumb Code     8  rt_heap_descriptor_intlibspace.o(.text)
    __use_no_heap                            0x08001791   Thumb Code     2  hguard.o(.text)
    __heap$guard                             0x08001793   Thumb Code     2  hguard.o(.text)
    _terminate_user_alloc                    0x08001795   Thumb Code     2  init_alloc.o(.text)
    _init_user_alloc                         0x08001797   Thumb Code     2  init_alloc.o(.text)
    __Heap_Full                              0x08001799   Thumb Code    34  init_alloc.o(.text)
    __Heap_Broken                            0x080017bb   Thumb Code     6  init_alloc.o(.text)
    _init_alloc                              0x080017c1   Thumb Code    94  init_alloc.o(.text)
    malloc                                   0x0800181f   Thumb Code    94  h1_alloc.o(.text)
    _fseek                                   0x0800187d   Thumb Code   242  fseek.o(.text)
    fseek                                    0x0800187d   Thumb Code     0  fseek.o(.text)
    _seterr                                  0x08001975   Thumb Code    20  stdio.o(.text)
    _writebuf                                0x08001989   Thumb Code   108  stdio.o(.text)
    _fflush                                  0x080019f5   Thumb Code    70  stdio.o(.text)
    _deferredlazyseek                        0x08001a3b   Thumb Code    60  stdio.o(.text)
    __sig_exit                               0x08001a83   Thumb Code    10  defsig_exit.o(.text)
    __rt_SIGRTRED_inner                      0x08001a8d   Thumb Code    14  defsig_rtred_inner.o(.text)
    strcmp                                   0x08001ac1   Thumb Code   124  strcmpv7em.o(.text)
    _sys_exit                                0x08001b3d   Thumb Code     8  sys_exit.o(.text)
    __I$use$semihosting                      0x08001b49   Thumb Code     0  use_no_semi.o(.text)
    __use_no_semihosting_swi                 0x08001b49   Thumb Code     2  use_no_semi.o(.text)
    __Heap_Initialize                        0x08001b4b   Thumb Code    10  h1_init.o(.text)
    __semihosting_library_function           0x08001b4b   Thumb Code     0  indicate_semi.o(.text)
    _maybe_terminate_alloc                   0x08001b4b   Thumb Code     0  maybetermalloc1.o(.text)
    __Heap_DescSize                          0x08001b55   Thumb Code     4  h1_init.o(.text)
    __Heap_ProvideMemory                     0x08001b59   Thumb Code    52  h1_extend.o(.text)
    _ftell_internal                          0x08001b8d   Thumb Code    66  ftell.o(.text)
    ftell                                    0x08001b8d   Thumb Code     0  ftell.o(.text)
    __default_signal_display                 0x08001bcf   Thumb Code    50  defsig_general.o(.text)
    __rt_SIGRTMEM                            0x08001c01   Thumb Code    14  defsig_rtmem_outer.o(.text)
    strlen                                   0x08001c0f   Thumb Code    62  strlen.o(.text)
    _ttywrch                                 0x08001c4d   Thumb Code    14  sys_wrch.o(.text)
    __aeabi_errno_addr                       0x08001c5d   Thumb Code     8  rt_errno_addr_intlibspace.o(.text)
    __errno$intlibspace                      0x08001c5d   Thumb Code     0  rt_errno_addr_intlibspace.o(.text)
    __rt_errno_addr$intlibspace              0x08001c5d   Thumb Code     0  rt_errno_addr_intlibspace.o(.text)
    __rt_SIGRTMEM_inner                      0x08001c65   Thumb Code    22  defsig_rtmem_inner.o(.text)
    EXTI4_IRQHandler                         0x08001cb5   Thumb Code    44  scheduler.o(.text.EXTI4_IRQHandler)
    EXTI_Init                                0x08001ce1   Thumb Code    90  gpio.o(.text.EXTI_Init)
    EmergencyVehicleTask                     0x08001d3d   Thumb Code    94  tasks.o(.text.EmergencyVehicleTask)
    GPIO_Init                                0x08001d9d   Thumb Code   146  gpio.o(.text.GPIO_Init)
    Scheduler                                0x08001e75   Thumb Code   264  scheduler.o(.text.Scheduler)
    SystemClock_Config                       0x08001f7d   Thumb Code    98  main.o(.text.SystemClock_Config)
    SystemInit                               0x08001fe1   Thumb Code    18  system_stm32l4xx.o(.text.SystemInit)
    TrafficFlowControlTask                   0x08001ff5   Thumb Code   174  tasks.o(.text.TrafficFlowControlTask)
    acquire_mutex                            0x08002119   Thumb Code    80  mutex.o(.text.acquire_mutex)
    addTask                                  0x08002169   Thumb Code    82  scheduler.o(.text.addTask)
    closeAllLED                              0x080021bd   Thumb Code    32  tasks.o(.text.closeAllLED)
    fputc                                    0x080021dd   Thumb Code    20  main.o(.text.fputc)
    main                                     0x080021f1   Thumb Code    56  main.o(.text.main)
    release_mutex                            0x08002229   Thumb Code    18  mutex.o(.text.release_mutex)
    set_traffic_light                        0x0800223d   Thumb Code   142  gpio.o(.text.set_traffic_light)
    sortTasksByPriority                      0x080022cd   Thumb Code   164  scheduler.o(.text.sortTasksByPriority)
    _btod_d2e                                0x08002371   Thumb Code    62  btod.o(CL$$btod_d2e)
    _d2e_denorm_low                          0x080023af   Thumb Code    70  btod.o(CL$$btod_d2e_denorm_low)
    _d2e_norm_op1                            0x080023f5   Thumb Code    96  btod.o(CL$$btod_d2e_norm_op1)
    __btod_div_common                        0x08002455   Thumb Code   696  btod.o(CL$$btod_div_common)
    _e2e                                     0x0800278d   Thumb Code   220  btod.o(CL$$btod_e2e)
    _btod_ediv                               0x08002869   Thumb Code    42  btod.o(CL$$btod_ediv)
    _btod_emul                               0x08002893   Thumb Code    42  btod.o(CL$$btod_emul)
    __btod_mult_common                       0x080028bd   Thumb Code   580  btod.o(CL$$btod_mult_common)
    __ARM_fpclassify                         0x08002b01   Thumb Code    48  fpclassify.o(i.__ARM_fpclassify)
    _is_digit                                0x08002b31   Thumb Code    14  __printf_wp.o(i._is_digit)
    _get_lc_numeric                          0x08002b41   Thumb Code    44  lc_numeric_c.o(locale$$code)
    _get_lc_ctype                            0x08002b6d   Thumb Code    44  lc_ctype_c.o(locale$$code)
    _fp_init                                 0x08002b99   Thumb Code    26  fpinit.o(x$fpl$fpinit)
    __fplib_config_fpu_vfp                   0x08002bb1   Thumb Code     0  fpinit.o(x$fpl$fpinit)
    __fplib_config_pureend_doubles           0x08002bb1   Thumb Code     0  fpinit.o(x$fpl$fpinit)
    _printf_fp_dec                           0x08002bb3   Thumb Code     4  printf1.o(x$fpl$printf1)
    _printf_fp_hex                           0x08002bb7   Thumb Code     4  printf2.o(x$fpl$printf2)
    __I$use$fp                               0x08002bba   Number         0  usenofp.o(x$fpl$usenofp)
    __stdin_name                             0x08002c23   Data           4  sys_io_names.o(.constdata)
    __stdout_name                            0x08002c27   Data           4  sys_io_names.o(.constdata)
    __stderr_name                            0x08002c2b   Data           4  sys_io_names.o(.constdata)
    Region$$Table$$Base                      0x08002cd0   Number         0  anon$$obj.o(Region$$Table)
    Region$$Table$$Limit                     0x08002cf0   Number         0  anon$$obj.o(Region$$Table)
    __ctype                                  0x08002d19   Data           0  lc_ctype_c.o(locale$$data)
    __aeabi_stdin                            0x20000000   Data           4  stdio_streams.o(.data)
    __aeabi_stdout                           0x20000004   Data           4  stdio_streams.o(.data)
    __aeabi_stderr                           0x20000008   Data           4  stdio_streams.o(.data)
    SystemCoreClock                          0x2000000c   Data           4  system_stm32l4xx.o(.data.SystemCoreClock)
    __stdin                                  0x20000010   Data          84  stdio_streams.o(.bss)
    __stdout                                 0x20000064   Data          84  stdio_streams.o(.bss)
    __stderr                                 0x200000b8   Data          84  stdio_streams.o(.bss)
    __libspace_start                         0x2000010c   Data          96  libspace.o(.bss)
    __temporary_stack_top$libspace           0x2000016c   Data           0  libspace.o(.bss)
    traffic_light_mutex                      0x200001c0   Data           1  mutex.o(.bss.traffic_light_mutex)



==============================================================================

Memory Map of the image

  Image Entry point : 0x08000189

  Load Region LR_IROM1 (Base: 0x08000000, Size: 0x00002e30, Max: 0x00100000, ABSOLUTE)

    Execution Region ER_IROM1 (Exec base: 0x08000000, Load base: 0x08000000, Size: 0x00002e1c, Max: 0x00100000, ABSOLUTE)

    Exec Addr    Load Addr    Size         Type   Attr      Idx    E Section Name        Object

    0x08000000   0x08000000   0x00000188   Data   RO           21    RESET               startup_stm32l475xx.o
    0x08000188   0x08000188   0x00000008   Code   RO          291  * !!!main             c_w.l(__main.o)
    0x08000190   0x08000190   0x00000034   Code   RO          785    !!!scatter          c_w.l(__scatter.o)
    0x080001c4   0x080001c4   0x0000001a   Code   RO          787    !!handler_copy      c_w.l(__scatter_copy.o)
    0x080001de   0x080001de   0x00000002   PAD
    0x080001e0   0x080001e0   0x0000001c   Code   RO          789    !!handler_zi        c_w.l(__scatter_zi.o)
    0x080001fc   0x080001fc   0x00000000   Code   RO          373    .ARM.Collect$$_printf_percent$$00000000  c_w.l(_printf_percent.o)
    0x080001fc   0x080001fc   0x00000006   Code   RO          362    .ARM.Collect$$_printf_percent$$00000001  c_w.l(_printf_n.o)
    0x08000202   0x08000202   0x00000006   Code   RO          364    .ARM.Collect$$_printf_percent$$00000002  c_w.l(_printf_p.o)
    0x08000208   0x08000208   0x00000006   Code   RO          369    .ARM.Collect$$_printf_percent$$00000003  c_w.l(_printf_f.o)
    0x0800020e   0x0800020e   0x00000006   Code   RO          370    .ARM.Collect$$_printf_percent$$00000004  c_w.l(_printf_e.o)
    0x08000214   0x08000214   0x00000006   Code   RO          371    .ARM.Collect$$_printf_percent$$00000005  c_w.l(_printf_g.o)
    0x0800021a   0x0800021a   0x00000006   Code   RO          372    .ARM.Collect$$_printf_percent$$00000006  c_w.l(_printf_a.o)
    0x08000220   0x08000220   0x0000000a   Code   RO          377    .ARM.Collect$$_printf_percent$$00000007  c_w.l(_printf_ll.o)
    0x0800022a   0x0800022a   0x00000006   Code   RO          366    .ARM.Collect$$_printf_percent$$00000008  c_w.l(_printf_i.o)
    0x08000230   0x08000230   0x00000006   Code   RO          367    .ARM.Collect$$_printf_percent$$00000009  c_w.l(_printf_d.o)
    0x08000236   0x08000236   0x00000006   Code   RO          368    .ARM.Collect$$_printf_percent$$0000000A  c_w.l(_printf_u.o)
    0x0800023c   0x0800023c   0x00000006   Code   RO          365    .ARM.Collect$$_printf_percent$$0000000B  c_w.l(_printf_o.o)
    0x08000242   0x08000242   0x00000006   Code   RO          363    .ARM.Collect$$_printf_percent$$0000000C  c_w.l(_printf_x.o)
    0x08000248   0x08000248   0x00000006   Code   RO          374    .ARM.Collect$$_printf_percent$$0000000D  c_w.l(_printf_lli.o)
    0x0800024e   0x0800024e   0x00000006   Code   RO          375    .ARM.Collect$$_printf_percent$$0000000E  c_w.l(_printf_lld.o)
    0x08000254   0x08000254   0x00000006   Code   RO          376    .ARM.Collect$$_printf_percent$$0000000F  c_w.l(_printf_llu.o)
    0x0800025a   0x0800025a   0x00000006   Code   RO          381    .ARM.Collect$$_printf_percent$$00000010  c_w.l(_printf_llo.o)
    0x08000260   0x08000260   0x00000006   Code   RO          382    .ARM.Collect$$_printf_percent$$00000011  c_w.l(_printf_llx.o)
    0x08000266   0x08000266   0x0000000a   Code   RO          378    .ARM.Collect$$_printf_percent$$00000012  c_w.l(_printf_l.o)
    0x08000270   0x08000270   0x00000006   Code   RO          360    .ARM.Collect$$_printf_percent$$00000013  c_w.l(_printf_c.o)
    0x08000276   0x08000276   0x00000006   Code   RO          361    .ARM.Collect$$_printf_percent$$00000014  c_w.l(_printf_s.o)
    0x0800027c   0x0800027c   0x00000006   Code   RO          379    .ARM.Collect$$_printf_percent$$00000015  c_w.l(_printf_lc.o)
    0x08000282   0x08000282   0x00000006   Code   RO          380    .ARM.Collect$$_printf_percent$$00000016  c_w.l(_printf_ls.o)
    0x08000288   0x08000288   0x00000004   Code   RO          429    .ARM.Collect$$_printf_percent$$00000017  c_w.l(_printf_percent_end.o)
    0x0800028c   0x0800028c   0x00000002   Code   RO          568    .ARM.Collect$$libinit$$00000000  c_w.l(libinit.o)
    0x0800028e   0x0800028e   0x00000004   Code   RO          569    .ARM.Collect$$libinit$$00000001  c_w.l(libinit2.o)
    0x08000292   0x08000292   0x00000000   Code   RO          572    .ARM.Collect$$libinit$$00000004  c_w.l(libinit2.o)
    0x08000292   0x08000292   0x00000000   Code   RO          574    .ARM.Collect$$libinit$$00000006  c_w.l(libinit2.o)
    0x08000292   0x08000292   0x00000008   Code   RO          575    .ARM.Collect$$libinit$$00000007  c_w.l(libinit2.o)
    0x0800029a   0x0800029a   0x00000000   Code   RO          577    .ARM.Collect$$libinit$$0000000C  c_w.l(libinit2.o)
    0x0800029a   0x0800029a   0x00000000   Code   RO          579    .ARM.Collect$$libinit$$0000000E  c_w.l(libinit2.o)
    0x0800029a   0x0800029a   0x00000000   Code   RO          581    .ARM.Collect$$libinit$$00000010  c_w.l(libinit2.o)
    0x0800029a   0x0800029a   0x00000006   Code   RO          582    .ARM.Collect$$libinit$$00000011  c_w.l(libinit2.o)
    0x080002a0   0x080002a0   0x00000000   Code   RO          584    .ARM.Collect$$libinit$$00000013  c_w.l(libinit2.o)
    0x080002a0   0x080002a0   0x0000000c   Code   RO          585    .ARM.Collect$$libinit$$00000014  c_w.l(libinit2.o)
    0x080002ac   0x080002ac   0x00000000   Code   RO          586    .ARM.Collect$$libinit$$00000015  c_w.l(libinit2.o)
    0x080002ac   0x080002ac   0x00000000   Code   RO          588    .ARM.Collect$$libinit$$00000017  c_w.l(libinit2.o)
    0x080002ac   0x080002ac   0x0000000a   Code   RO          589    .ARM.Collect$$libinit$$00000018  c_w.l(libinit2.o)
    0x080002b6   0x080002b6   0x00000000   Code   RO          590    .ARM.Collect$$libinit$$00000019  c_w.l(libinit2.o)
    0x080002b6   0x080002b6   0x00000000   Code   RO          592    .ARM.Collect$$libinit$$0000001B  c_w.l(libinit2.o)
    0x080002b6   0x080002b6   0x00000000   Code   RO          594    .ARM.Collect$$libinit$$0000001D  c_w.l(libinit2.o)
    0x080002b6   0x080002b6   0x00000000   Code   RO          596    .ARM.Collect$$libinit$$0000001F  c_w.l(libinit2.o)
    0x080002b6   0x080002b6   0x00000000   Code   RO          598    .ARM.Collect$$libinit$$00000021  c_w.l(libinit2.o)
    0x080002b6   0x080002b6   0x00000000   Code   RO          600    .ARM.Collect$$libinit$$00000023  c_w.l(libinit2.o)
    0x080002b6   0x080002b6   0x00000000   Code   RO          602    .ARM.Collect$$libinit$$00000025  c_w.l(libinit2.o)
    0x080002b6   0x080002b6   0x00000004   Code   RO          603    .ARM.Collect$$libinit$$00000026  c_w.l(libinit2.o)
    0x080002ba   0x080002ba   0x00000000   Code   RO          604    .ARM.Collect$$libinit$$00000027  c_w.l(libinit2.o)
    0x080002ba   0x080002ba   0x00000000   Code   RO          608    .ARM.Collect$$libinit$$0000002E  c_w.l(libinit2.o)
    0x080002ba   0x080002ba   0x00000000   Code   RO          610    .ARM.Collect$$libinit$$00000030  c_w.l(libinit2.o)
    0x080002ba   0x080002ba   0x00000000   Code   RO          612    .ARM.Collect$$libinit$$00000032  c_w.l(libinit2.o)
    0x080002ba   0x080002ba   0x00000000   Code   RO          614    .ARM.Collect$$libinit$$00000034  c_w.l(libinit2.o)
    0x080002ba   0x080002ba   0x00000002   Code   RO          615    .ARM.Collect$$libinit$$00000035  c_w.l(libinit2.o)
    0x080002bc   0x080002bc   0x00000002   Code   RO          764    .ARM.Collect$$libshutdown$$00000000  c_w.l(libshutdown.o)
    0x080002be   0x080002be   0x00000000   Code   RO          617    .ARM.Collect$$libshutdown$$00000002  c_w.l(libshutdown2.o)
    0x080002be   0x080002be   0x00000004   Code   RO          618    .ARM.Collect$$libshutdown$$00000003  c_w.l(libshutdown2.o)
    0x080002c2   0x080002c2   0x00000000   Code   RO          619    .ARM.Collect$$libshutdown$$00000004  c_w.l(libshutdown2.o)
    0x080002c2   0x080002c2   0x00000000   Code   RO          622    .ARM.Collect$$libshutdown$$00000007  c_w.l(libshutdown2.o)
    0x080002c2   0x080002c2   0x00000000   Code   RO          625    .ARM.Collect$$libshutdown$$0000000A  c_w.l(libshutdown2.o)
    0x080002c2   0x080002c2   0x00000000   Code   RO          627    .ARM.Collect$$libshutdown$$0000000C  c_w.l(libshutdown2.o)
    0x080002c2   0x080002c2   0x00000000   Code   RO          630    .ARM.Collect$$libshutdown$$0000000F  c_w.l(libshutdown2.o)
    0x080002c2   0x080002c2   0x00000002   Code   RO          631    .ARM.Collect$$libshutdown$$00000010  c_w.l(libshutdown2.o)
    0x080002c4   0x080002c4   0x00000000   Code   RO          293    .ARM.Collect$$rtentry$$00000000  c_w.l(__rtentry.o)
    0x080002c4   0x080002c4   0x00000000   Code   RO          398    .ARM.Collect$$rtentry$$00000002  c_w.l(__rtentry2.o)
    0x080002c4   0x080002c4   0x00000006   Code   RO          410    .ARM.Collect$$rtentry$$00000004  c_w.l(__rtentry4.o)
    0x080002ca   0x080002ca   0x00000000   Code   RO          400    .ARM.Collect$$rtentry$$00000009  c_w.l(__rtentry2.o)
    0x080002ca   0x080002ca   0x00000004   Code   RO          401    .ARM.Collect$$rtentry$$0000000A  c_w.l(__rtentry2.o)
    0x080002ce   0x080002ce   0x00000000   Code   RO          403    .ARM.Collect$$rtentry$$0000000C  c_w.l(__rtentry2.o)
    0x080002ce   0x080002ce   0x00000008   Code   RO          404    .ARM.Collect$$rtentry$$0000000D  c_w.l(__rtentry2.o)
    0x080002d6   0x080002d6   0x00000002   Code   RO          644    .ARM.Collect$$rtexit$$00000000  c_w.l(rtexit.o)
    0x080002d8   0x080002d8   0x00000000   Code   RO          702    .ARM.Collect$$rtexit$$00000002  c_w.l(rtexit2.o)
    0x080002d8   0x080002d8   0x00000004   Code   RO          703    .ARM.Collect$$rtexit$$00000003  c_w.l(rtexit2.o)
    0x080002dc   0x080002dc   0x00000006   Code   RO          704    .ARM.Collect$$rtexit$$00000004  c_w.l(rtexit2.o)
    0x080002e2   0x080002e2   0x00000002   PAD
    0x080002e4   0x080002e4   0x00000040   Code   RO           22    .text               startup_stm32l475xx.o
    0x08000324   0x08000324   0x00000018   Code   RO          287    .text               c_w.l(printf.o)
    0x0800033c   0x0800033c   0x00000006   Code   RO          289    .text               c_w.l(heapauxi.o)
    0x08000342   0x08000342   0x0000004e   Code   RO          296    .text               c_w.l(_printf_pad.o)
    0x08000390   0x08000390   0x00000024   Code   RO          298    .text               c_w.l(_printf_truncate.o)
    0x080003b4   0x080003b4   0x00000052   Code   RO          300    .text               c_w.l(_printf_str.o)
    0x08000406   0x08000406   0x00000002   PAD
    0x08000408   0x08000408   0x00000078   Code   RO          302    .text               c_w.l(_printf_dec.o)
    0x08000480   0x08000480   0x00000028   Code   RO          304    .text               c_w.l(_printf_charcount.o)
    0x080004a8   0x080004a8   0x00000024   Code   RO          306    .text               c_w.l(_printf_char_file.o)
    0x080004cc   0x080004cc   0x000000c2   Code   RO          308    .text               c_w.l(_printf_wctomb.o)
    0x0800058e   0x0800058e   0x00000002   PAD
    0x08000590   0x08000590   0x0000007c   Code   RO          311    .text               c_w.l(_printf_longlong_dec.o)
    0x0800060c   0x0800060c   0x00000070   Code   RO          317    .text               c_w.l(_printf_oct_int_ll.o)
    0x0800067c   0x0800067c   0x00000094   Code   RO          337    .text               c_w.l(_printf_hex_int_ll_ptr.o)
    0x08000710   0x08000710   0x0000018e   Code   RO          357    .text               c_w.l(__printf_flags_ss_wp.o)
    0x0800089e   0x0800089e   0x0000008a   Code   RO          412    .text               c_w.l(lludiv10.o)
    0x08000928   0x08000928   0x000000b2   Code   RO          414    .text               c_w.l(_printf_intcommon.o)
    0x080009da   0x080009da   0x00000422   Code   RO          416    .text               c_w.l(_printf_fp_dec.o)
    0x08000dfc   0x08000dfc   0x00000302   Code   RO          420    .text               c_w.l(_printf_fp_hex.o)
    0x080010fe   0x080010fe   0x00000002   PAD
    0x08001100   0x08001100   0x00000030   Code   RO          423    .text               c_w.l(_printf_char_common.o)
    0x08001130   0x08001130   0x0000002c   Code   RO          425    .text               c_w.l(_printf_char.o)
    0x0800115c   0x0800115c   0x0000002c   Code   RO          427    .text               c_w.l(_printf_wchar.o)
    0x08001188   0x08001188   0x00000008   Code   RO          430    .text               c_w.l(ferror.o)
    0x08001190   0x08001190   0x00000138   Code   RO          432    .text               c_w.l(initio.o)
    0x080012c8   0x080012c8   0x00000048   Code   RO          438    .text               c_w.l(_c16rtomb.o)
    0x08001310   0x08001310   0x0000004a   Code   RO          445    .text               c_w.l(sys_stackheap_outer.o)
    0x0800135a   0x0800135a   0x00000002   PAD
    0x0800135c   0x0800135c   0x00000010   Code   RO          447    .text               c_w.l(rt_ctype_table.o)
    0x0800136c   0x0800136c   0x00000008   Code   RO          452    .text               c_w.l(rt_locale_intlibspace.o)
    0x08001374   0x08001374   0x0000004e   Code   RO          456    .text               c_w.l(h1_free.o)
    0x080013c2   0x080013c2   0x00000002   PAD
    0x080013c4   0x080013c4   0x00000080   Code   RO          510    .text               c_w.l(_printf_fp_infnan.o)
    0x08001444   0x08001444   0x000000e4   Code   RO          514    .text               c_w.l(bigflt0.o)
    0x08001528   0x08001528   0x00000046   Code   RO          541    .text               c_w.l(setvbuf.o)
    0x0800156e   0x0800156e   0x00000002   PAD
    0x08001570   0x08001570   0x000000f0   Code   RO          544    .text               c_w.l(fopen.o)
    0x08001660   0x08001660   0x0000004c   Code   RO          546    .text               c_w.l(fclose.o)
    0x080016ac   0x080016ac   0x00000012   Code   RO          555    .text               c_w.l(exit.o)
    0x080016be   0x080016be   0x0000000e   Code   RO          557    .text               c_w.l(defsig_rtred_outer.o)
    0x080016cc   0x080016cc   0x0000004e   Code   RO          561    .text               c_w.l(rt_memclr_w.o)
    0x0800171a   0x0800171a   0x00000066   Code   RO          637    .text               c_w.l(sys_io.o)
    0x08001780   0x08001780   0x00000008   Code   RO          641    .text               c_w.l(libspace.o)
    0x08001788   0x08001788   0x00000008   Code   RO          651    .text               c_w.l(rt_heap_descriptor_intlibspace.o)
    0x08001790   0x08001790   0x00000004   Code   RO          653    .text               c_w.l(hguard.o)
    0x08001794   0x08001794   0x0000008a   Code   RO          655    .text               c_w.l(init_alloc.o)
    0x0800181e   0x0800181e   0x0000005e   Code   RO          661    .text               c_w.l(h1_alloc.o)
    0x0800187c   0x0800187c   0x000000f8   Code   RO          675    .text               c_w.l(fseek.o)
    0x08001974   0x08001974   0x0000010e   Code   RO          677    .text               c_w.l(stdio.o)
    0x08001a82   0x08001a82   0x0000000a   Code   RO          682    .text               c_w.l(defsig_exit.o)
    0x08001a8c   0x08001a8c   0x00000034   Code   RO          684    .text               c_w.l(defsig_rtred_inner.o)
    0x08001ac0   0x08001ac0   0x0000007c   Code   RO          688    .text               c_w.l(strcmpv7em.o)
    0x08001b3c   0x08001b3c   0x0000000c   Code   RO          694    .text               c_w.l(sys_exit.o)
    0x08001b48   0x08001b48   0x00000002   Code   RO          698    .text               c_w.l(use_no_semi.o)
    0x08001b4a   0x08001b4a   0x00000000   Code   RO          700    .text               c_w.l(indicate_semi.o)
    0x08001b4a   0x08001b4a   0x00000000   Code   RO          708    .text               c_w.l(maybetermalloc1.o)
    0x08001b4a   0x08001b4a   0x0000000e   Code   RO          710    .text               c_w.l(h1_init.o)
    0x08001b58   0x08001b58   0x00000034   Code   RO          712    .text               c_w.l(h1_extend.o)
    0x08001b8c   0x08001b8c   0x00000042   Code   RO          720    .text               c_w.l(ftell.o)
    0x08001bce   0x08001bce   0x00000032   Code   RO          724    .text               c_w.l(defsig_general.o)
    0x08001c00   0x08001c00   0x0000000e   Code   RO          726    .text               c_w.l(defsig_rtmem_outer.o)
    0x08001c0e   0x08001c0e   0x0000003e   Code   RO          730    .text               c_w.l(strlen.o)
    0x08001c4c   0x08001c4c   0x0000000e   Code   RO          741    .text               c_w.l(sys_wrch.o)
    0x08001c5a   0x08001c5a   0x00000002   PAD
    0x08001c5c   0x08001c5c   0x00000008   Code   RO          752    .text               c_w.l(rt_errno_addr_intlibspace.o)
    0x08001c64   0x08001c64   0x00000050   Code   RO          758    .text               c_w.l(defsig_rtmem_inner.o)
    0x08001cb4   0x08001cb4   0x0000002c   Code   RO          245    .text.EXTI4_IRQHandler  scheduler.o
    0x08001ce0   0x08001ce0   0x0000005a   Code   RO          224    .text.EXTI_Init     gpio.o
    0x08001d3a   0x08001d3a   0x00000002   PAD
    0x08001d3c   0x08001d3c   0x0000005e   Code   RO          271    .text.EmergencyVehicleTask  tasks.o
    0x08001d9a   0x08001d9a   0x00000002   PAD
    0x08001d9c   0x08001d9c   0x00000092   Code   RO          222    .text.GPIO_Init     gpio.o
    0x08001e2e   0x08001e2e   0x00000002   PAD
    0x08001e30   0x08001e30   0x00000044   Code   RO            6    .text.ITM_SendChar  main.o
    0x08001e74   0x08001e74   0x00000108   Code   RO          243    .text.Scheduler     scheduler.o
    0x08001f7c   0x08001f7c   0x00000062   Code   RO            2    .text.SystemClock_Config  main.o
    0x08001fde   0x08001fde   0x00000002   PAD
    0x08001fe0   0x08001fe0   0x00000012   Code   RO           29    .text.SystemInit    system_stm32l4xx.o
    0x08001ff2   0x08001ff2   0x00000002   PAD
    0x08001ff4   0x08001ff4   0x000000ae   Code   RO          273    .text.TrafficFlowControlTask  tasks.o
    0x080020a2   0x080020a2   0x00000002   PAD
    0x080020a4   0x080020a4   0x00000030   Code   RO          226    .text.__NVIC_EnableIRQ  gpio.o
    0x080020d4   0x080020d4   0x00000042   Code   RO          228    .text.__NVIC_SetPriority  gpio.o
    0x08002116   0x08002116   0x00000002   PAD
    0x08002118   0x08002118   0x00000050   Code   RO          257    .text.acquire_mutex  mutex.o
    0x08002168   0x08002168   0x00000052   Code   RO          241    .text.addTask       scheduler.o
    0x080021ba   0x080021ba   0x00000002   PAD
    0x080021bc   0x080021bc   0x00000020   Code   RO          269    .text.closeAllLED   tasks.o
    0x080021dc   0x080021dc   0x00000014   Code   RO            4    .text.fputc         main.o
    0x080021f0   0x080021f0   0x00000038   Code   RO            8    .text.main          main.o
    0x08002228   0x08002228   0x00000012   Code   RO          259    .text.release_mutex  mutex.o
    0x0800223a   0x0800223a   0x00000002   PAD
    0x0800223c   0x0800223c   0x0000008e   Code   RO          230    .text.set_traffic_light  gpio.o
    0x080022ca   0x080022ca   0x00000002   PAD
    0x080022cc   0x080022cc   0x000000a4   Code   RO          239    .text.sortTasksByPriority  scheduler.o
    0x08002370   0x08002370   0x0000003e   Code   RO          517    CL$$btod_d2e        c_w.l(btod.o)
    0x080023ae   0x080023ae   0x00000046   Code   RO          519    CL$$btod_d2e_denorm_low  c_w.l(btod.o)
    0x080023f4   0x080023f4   0x00000060   Code   RO          518    CL$$btod_d2e_norm_op1  c_w.l(btod.o)
    0x08002454   0x08002454   0x00000338   Code   RO          527    CL$$btod_div_common  c_w.l(btod.o)
    0x0800278c   0x0800278c   0x000000dc   Code   RO          524    CL$$btod_e2e        c_w.l(btod.o)
    0x08002868   0x08002868   0x0000002a   Code   RO          521    CL$$btod_ediv       c_w.l(btod.o)
    0x08002892   0x08002892   0x0000002a   Code   RO          520    CL$$btod_emul       c_w.l(btod.o)
    0x080028bc   0x080028bc   0x00000244   Code   RO          526    CL$$btod_mult_common  c_w.l(btod.o)
    0x08002b00   0x08002b00   0x00000030   Code   RO          635    i.__ARM_fpclassify  m_wm.l(fpclassify.o)
    0x08002b30   0x08002b30   0x0000000e   Code   RO          350    i._is_digit         c_w.l(__printf_wp.o)
    0x08002b3e   0x08002b3e   0x00000002   PAD
    0x08002b40   0x08002b40   0x0000002c   Code   RO          553    locale$$code        c_w.l(lc_numeric_c.o)
    0x08002b6c   0x08002b6c   0x0000002c   Code   RO          680    locale$$code        c_w.l(lc_ctype_c.o)
    0x08002b98   0x08002b98   0x0000001a   Code   RO          692    x$fpl$fpinit        fz_wm.l(fpinit.o)
    0x08002bb2   0x08002bb2   0x00000004   Code   RO          389    x$fpl$printf1       fz_wm.l(printf1.o)
    0x08002bb6   0x08002bb6   0x00000004   Code   RO          391    x$fpl$printf2       fz_wm.l(printf2.o)
    0x08002bba   0x08002bba   0x00000000   Code   RO          634    x$fpl$usenofp       fz_wm.l(usenofp.o)
    0x08002bba   0x08002bba   0x00000002   PAD
    0x08002bbc   0x08002bbc   0x00000008   Data   RO          309    .constdata          c_w.l(_printf_wctomb.o)
    0x08002bc4   0x08002bc4   0x00000028   Data   RO          338    .constdata          c_w.l(_printf_hex_int_ll_ptr.o)
    0x08002bec   0x08002bec   0x00000011   Data   RO          358    .constdata          c_w.l(__printf_flags_ss_wp.o)
    0x08002bfd   0x08002bfd   0x00000026   Data   RO          421    .constdata          c_w.l(_printf_fp_hex.o)
    0x08002c23   0x08002c23   0x00000004   Data   RO          440    .constdata          c_w.l(sys_io_names.o)
    0x08002c27   0x08002c27   0x00000004   Data   RO          441    .constdata          c_w.l(sys_io_names.o)
    0x08002c2b   0x08002c2b   0x00000004   Data   RO          442    .constdata          c_w.l(sys_io_names.o)
    0x08002c2f   0x08002c2f   0x00000001   PAD
    0x08002c30   0x08002c30   0x00000094   Data   RO          515    .constdata          c_w.l(bigflt0.o)
    0x08002cc4   0x08002cc4   0x0000000a   Data   RO          277    .rodata.str1.1      tasks.o
    0x08002cce   0x08002cce   0x00000002   PAD
    0x08002cd0   0x08002cd0   0x00000020   Data   RO          784    Region$$Table       anon$$obj.o
    0x08002cf0   0x08002cf0   0x0000001c   Data   RO          552    locale$$data        c_w.l(lc_numeric_c.o)
    0x08002d0c   0x08002d0c   0x00000110   Data   RO          679    locale$$data        c_w.l(lc_ctype_c.o)


    Execution Region RW_IRAM1 (Exec base: 0x20000000, Load base: 0x08002e20, Size: 0x000007c8, Max: 0x00018000, ABSOLUTE)

    Exec Addr    Load Addr    Size         Type   Attr      Idx    E Section Name        Object

    0x20000000   0x08002e20   0x00000004   Data   RW          386    .data               c_w.l(stdio_streams.o)
    0x20000004   0x08002e24   0x00000004   Data   RW          387    .data               c_w.l(stdio_streams.o)
    0x20000008   0x08002e28   0x00000004   Data   RW          388    .data               c_w.l(stdio_streams.o)
    0x2000000c   0x08002e2c   0x00000004   Data   RW           33    .data.SystemCoreClock  system_stm32l4xx.o
    0x20000010        -       0x00000054   Zero   RW          383    .bss                c_w.l(stdio_streams.o)
    0x20000064        -       0x00000054   Zero   RW          384    .bss                c_w.l(stdio_streams.o)
    0x200000b8        -       0x00000054   Zero   RW          385    .bss                c_w.l(stdio_streams.o)
    0x2000010c        -       0x00000060   Zero   RW          642    .bss                c_w.l(libspace.o)
    0x2000016c        -       0x00000001   Zero   RW          278    .bss.TrafficFlowControlTask.state  tasks.o
    0x2000016d        -       0x00000001   Zero   RW          249    .bss.currentRoundRobinIndex  scheduler.o
    0x2000016e        -       0x00000001   Zero   RW          247    .bss.taskCount      scheduler.o
    0x2000016f   0x08002e30   0x00000001   PAD
    0x20000170        -       0x00000050   Zero   RW          248    .bss.taskQueue      scheduler.o
    0x200001c0        -       0x00000001   Zero   RW          261    .bss.traffic_light_mutex  mutex.o
    0x200001c1   0x08002e30   0x00000007   PAD
    0x200001c8        -       0x00000200   Zero   RW           20    HEAP                startup_stm32l475xx.o
    0x200003c8        -       0x00000400   Zero   RW           19    STACK               startup_stm32l475xx.o


==============================================================================

Image component sizes


      Code (inc. data)   RO Data    RW Data    ZI Data      Debug   Object Name

       492          0          0          0          0       5870   gpio.o
       242          0          0          0          0       3098   main.o
        98          0          0          0          1        685   mutex.o
       554          0          0          0         82       2428   scheduler.o
        64         26        392          0       1536        828   startup_stm32l475xx.o
        18          0          0          4          0       2940   system_stm32l4xx.o
       300          0         10          0          1       1588   tasks.o

    ----------------------------------------------------------------------
      1788         26        436          4       1628      17437   Object Totals
         0          0         32          0          0          0   (incl. Generated)
        20          0          2          0          8          0   (incl. Padding)

    ----------------------------------------------------------------------

      Code (inc. data)   RO Data    RW Data    ZI Data      Debug   Library Member Name

         8          0          0          0          0         68   __main.o
       398          4         17          0          0         92   __printf_flags_ss_wp.o
        14          0          0          0          0         68   __printf_wp.o
         0          0          0          0          0          0   __rtentry.o
        12          0          0          0          0          0   __rtentry2.o
         6          0          0          0          0          0   __rtentry4.o
        52          8          0          0          0          0   __scatter.o
        26          0          0          0          0          0   __scatter_copy.o
        28          0          0          0          0          0   __scatter_zi.o
        72          0          0          0          0         96   _c16rtomb.o
         6          0          0          0          0          0   _printf_a.o
         6          0          0          0          0          0   _printf_c.o
        44          0          0          0          0        108   _printf_char.o
        48          6          0          0          0         96   _printf_char_common.o
        36          4          0          0          0         80   _printf_char_file.o
        40          0          0          0          0         68   _printf_charcount.o
         6          0          0          0          0          0   _printf_d.o
       120         16          0          0          0         92   _printf_dec.o
         6          0          0          0          0          0   _printf_e.o
         6          0          0          0          0          0   _printf_f.o
      1058          0          0          0          0        148   _printf_fp_dec.o
       770          8         38          0          0        100   _printf_fp_hex.o
       128         16          0          0          0         84   _printf_fp_infnan.o
         6          0          0          0          0          0   _printf_g.o
       148          4         40          0          0        160   _printf_hex_int_ll_ptr.o
         6          0          0          0          0          0   _printf_i.o
       178          0          0          0          0         88   _printf_intcommon.o
        10          0          0          0          0          0   _printf_l.o
         6          0          0          0          0          0   _printf_lc.o
        10          0          0          0          0          0   _printf_ll.o
         6          0          0          0          0          0   _printf_lld.o
         6          0          0          0          0          0   _printf_lli.o
         6          0          0          0          0          0   _printf_llo.o
         6          0          0          0          0          0   _printf_llu.o
         6          0          0          0          0          0   _printf_llx.o
       124         16          0          0          0         92   _printf_longlong_dec.o
         6          0          0          0          0          0   _printf_ls.o
         6          0          0          0          0          0   _printf_n.o
         6          0          0          0          0          0   _printf_o.o
       112          8          0          0          0        124   _printf_oct_int_ll.o
         6          0          0          0          0          0   _printf_p.o
        78          0          0          0          0        108   _printf_pad.o
         0          0          0          0          0          0   _printf_percent.o
         4          0          0          0          0          0   _printf_percent_end.o
         6          0          0          0          0          0   _printf_s.o
        82          0          0          0          0         80   _printf_str.o
        36          0          0          0          0         84   _printf_truncate.o
         6          0          0          0          0          0   _printf_u.o
        44          0          0          0          0        108   _printf_wchar.o
       194          6          8          0          0         92   _printf_wctomb.o
         6          0          0          0          0          0   _printf_x.o
       228          4        148          0          0         96   bigflt0.o
      1936        128          0          0          0        668   btod.o
        10          0          0          0          0         68   defsig_exit.o
        50          0          0          0          0         88   defsig_general.o
        80         58          0          0          0         76   defsig_rtmem_inner.o
        14          0          0          0          0         80   defsig_rtmem_outer.o
        52         38          0          0          0         76   defsig_rtred_inner.o
        14          0          0          0          0         80   defsig_rtred_outer.o
        18          0          0          0          0         80   exit.o
        76          0          0          0          0         88   fclose.o
         8          0          0          0          0         68   ferror.o
       240          6          0          0          0        128   fopen.o
       248          6          0          0          0         84   fseek.o
        66          0          0          0          0         76   ftell.o
        94          0          0          0          0         80   h1_alloc.o
        52          0          0          0          0         68   h1_extend.o
        78          0          0          0          0         80   h1_free.o
        14          0          0          0          0         84   h1_init.o
         6          0          0          0          0        152   heapauxi.o
         4          0          0          0          0        136   hguard.o
         0          0          0          0          0          0   indicate_semi.o
       138          0          0          0          0        168   init_alloc.o
       312         46          0          0          0        112   initio.o
        44         10        272          0          0         76   lc_ctype_c.o
        44         10         28          0          0         76   lc_numeric_c.o
         2          0          0          0          0          0   libinit.o
        46          0          0          0          0          0   libinit2.o
         2          0          0          0          0          0   libshutdown.o
         6          0          0          0          0          0   libshutdown2.o
         8          4          0          0         96         68   libspace.o
       138          0          0          0          0         80   lludiv10.o
         0          0          0          0          0          0   maybetermalloc1.o
        24          4          0          0          0         84   printf.o
        16          4          0          0          0         76   rt_ctype_table.o
         8          4          0          0          0         68   rt_errno_addr_intlibspace.o
         8          4          0          0          0         68   rt_heap_descriptor_intlibspace.o
         8          4          0          0          0         68   rt_locale_intlibspace.o
        78          0          0          0          0         80   rt_memclr_w.o
         2          0          0          0          0          0   rtexit.o
        10          0          0          0          0          0   rtexit2.o
        70          0          0          0          0         80   setvbuf.o
       270          6          0          0          0        160   stdio.o
         0          0          0         12        252          0   stdio_streams.o
       124          0          0          0          0         88   strcmpv7em.o
        62          0          0          0          0         76   strlen.o
        12          4          0          0          0         68   sys_exit.o
       102          0          0          0          0        240   sys_io.o
         0          0         12          0          0          0   sys_io_names.o
        74          0          0          0          0         80   sys_stackheap_outer.o
        14          0          0          0          0         76   sys_wrch.o
         2          0          0          0          0         68   use_no_semi.o
        26          0          0          0          0        116   fpinit.o
         4          0          0          0          0        116   printf1.o
         4          0          0          0          0        116   printf2.o
         0          0          0          0          0          0   usenofp.o
        48          0          0          0          0        124   fpclassify.o

    ----------------------------------------------------------------------
      9016        436        564         12        348       6824   Library Totals
        22          0          1          0          0          0   (incl. Padding)

    ----------------------------------------------------------------------

      Code (inc. data)   RO Data    RW Data    ZI Data      Debug   Library Name

      8912        436        563         12        348       6352   c_w.l
        34          0          0          0          0        348   fz_wm.l
        48          0          0          0          0        124   m_wm.l

    ----------------------------------------------------------------------
      9016        436        564         12        348       6824   Library Totals

    ----------------------------------------------------------------------

==============================================================================


      Code (inc. data)   RO Data    RW Data    ZI Data      Debug   

     10804        462       1000         16       1976      20529   Grand Totals
     10804        462       1000         16       1976      20529   ELF Image Totals
     10804        462       1000         16          0          0   ROM Totals

==============================================================================

    Total RO  Size (Code + RO Data)                11804 (  11.53kB)
    Total RW  Size (RW Data + ZI Data)              1992 (   1.95kB)
    Total ROM Size (Code + RO Data + RW Data)      11820 (  11.54kB)

==============================================================================

